Component: ARM Compiler 5.06 update 5 (build 528) Tool: armlink [4d35e2]

==============================================================================

Memory Map of the image

  Image Entry point : 0x08000189

  Load Region LR_IROM1 (Base: 0x08000000, Size: 0x00008d1c, Max: 0x00080000, ABSOLUTE, COMPRESSED[0x00008bd8])

    Execution Region ER_IROM1 (Base: 0x08000000, Size: 0x00008ba0, Max: 0x00080000, ABSOLUTE)

    Base Addr    Size         Type   Attr      Idx    E Section Name        Object

    0x08000000   0x00000188   Data   RO          315    RESET               startup_stm32f40_41xxx.o
    0x08000188   0x00000000   Code   RO         6260  * .ARM.Collect$$$$00000000  mc_w.l(entry.o)
    0x08000188   0x00000004   Code   RO         6566    .ARM.Collect$$$$00000001  mc_w.l(entry2.o)
    0x0800018c   0x00000004   Code   RO         6569    .ARM.Collect$$$$00000004  mc_w.l(entry5.o)
    0x08000190   0x00000000   Code   RO         6571    .ARM.Collect$$$$00000008  mc_w.l(entry7b.o)
    0x08000190   0x00000000   Code   RO         6573    .ARM.Collect$$$$0000000A  mc_w.l(entry8b.o)
    0x08000190   0x00000008   Code   RO         6574    .ARM.Collect$$$$0000000B  mc_w.l(entry9a.o)
    0x08000198   0x00000000   Code   RO         6576    .ARM.Collect$$$$0000000D  mc_w.l(entry10a.o)
    0x08000198   0x00000000   Code   RO         6578    .ARM.Collect$$$$0000000F  mc_w.l(entry11a.o)
    0x08000198   0x00000004   Code   RO         6567    .ARM.Collect$$$$00002712  mc_w.l(entry2.o)
    0x0800019c   0x00000024   Code   RO          316    .text               startup_stm32f40_41xxx.o
    0x080001c0   0x00000078   Code   RO         6089    .text               arm_cortexM4lf_math.lib(arm_cos_f32.o)
    0x08000238   0x00000094   Code   RO         6139    .text               arm_cortexM4lf_math.lib(arm_sin_f32.o)
    0x080002cc   0x00000040   Code   RO         6265    .text               mc_w.l(memmovea.o)
    0x0800030c   0x00000024   Code   RO         6267    .text               mc_w.l(memseta.o)
    0x08000330   0x00000014   Code   RO         6269    .text               mc_w.l(strchr.o)
    0x08000344   0x0000000e   Code   RO         6271    .text               mc_w.l(strlen.o)
    0x08000352   0x0000001c   Code   RO         6273    .text               mc_w.l(strcmp.o)
    0x0800036e   0x0000001e   Code   RO         6275    .text               mc_w.l(strncmp.o)
    0x0800038c   0x00000070   Code   RO         6542    .text               mc_w.l(strtol.o)
    0x080003fc   0x0000014e   Code   RO         6546    .text               mf_w.l(dadd.o)
    0x0800054a   0x000000e4   Code   RO         6548    .text               mf_w.l(dmul.o)
    0x0800062e   0x000000de   Code   RO         6550    .text               mf_w.l(ddiv.o)
    0x0800070c   0x0000001a   Code   RO         6552    .text               mf_w.l(dfltui.o)
    0x08000726   0x0000003e   Code   RO         6554    .text               mf_w.l(dfixi.o)
    0x08000764   0x00000032   Code   RO         6556    .text               mf_w.l(dfixui.o)
    0x08000796   0x00000026   Code   RO         6558    .text               mf_w.l(f2d.o)
    0x080007bc   0x00000030   Code   RO         6560    .text               mf_w.l(cdcmple.o)
    0x080007ec   0x00000030   Code   RO         6562    .text               mf_w.l(cdrcmple.o)
    0x0800081c   0x00000038   Code   RO         6564    .text               mf_w.l(d2f.o)
    0x08000854   0x0000002c   Code   RO         6580    .text               mc_w.l(uidiv.o)
    0x08000880   0x00000062   Code   RO         6582    .text               mc_w.l(uldiv.o)
    0x080008e2   0x0000001e   Code   RO         6584    .text               mc_w.l(llshl.o)
    0x08000900   0x00000020   Code   RO         6586    .text               mc_w.l(llushr.o)
    0x08000920   0x00000024   Code   RO         6588    .text               mc_w.l(llsshr.o)
    0x08000944   0x00000008   Code   RO         6590    .text               mc_w.l(ctype_o.o)
    0x0800094c   0x0000009e   Code   RO         6625    .text               mc_w.l(_strtoul.o)
    0x080009ea   0x00000000   Code   RO         6627    .text               mc_w.l(iusefp.o)
    0x080009ea   0x0000006e   Code   RO         6628    .text               mf_w.l(fepilogue.o)
    0x08000a58   0x000000ba   Code   RO         6630    .text               mf_w.l(depilogue.o)
    0x08000b12   0x00000030   Code   RO         6634    .text               mf_w.l(dfixul.o)
    0x08000b42   0x00000002   PAD
    0x08000b44   0x00000024   Code   RO         6636    .text               mc_w.l(init.o)
    0x08000b68   0x0000001c   Code   RO         6638    .text               mc_w.l(_chval.o)
    0x08000b84   0x00000056   Code   RO         6648    .text               mc_w.l(__dczerorl2.o)
    0x08000bda   0x00000002   PAD
    0x08000bdc   0x00000064   Code   RO         5489    i.BLE_FlushPending  ble_tx.o
    0x08000c40   0x00000038   Code   RO         5490    i.BLE_FreeCritical  ble_tx.o
    0x08000c78   0x000000e0   Code   RO         5491    i.BLE_Queue         ble_tx.o
    0x08000d58   0x00000140   Code   RO         5541    i.BLE_Tune_Process  ble_tune.o
    0x08000e98   0x000000bc   Code   RO         5542    i.BLE_Tune_Telemetry  ble_tune.o
    0x08000f54   0x00000094   Code   RO         5492    i.BLE_TxIRQ         ble_tx.o
    0x08000fe8   0x0000010c   Code   RO         5493    i.BLE_TxPoll        ble_tx.o
    0x080010f4   0x0000001a   Code   RO         5221    i.BLE_send_String   bsp_bluetooth.o
    0x0800110e   0x00000002   PAD
    0x08001110   0x00000110   Code   RO         5222    i.Bluetooth_GPIO_Init  bsp_bluetooth.o
    0x08001220   0x00000034   Code   RO         5223    i.Bluetooth_Init    bsp_bluetooth.o
    0x08001254   0x00000044   Code   RO         5224    i.Bluetooth_Link_Gpio_Init  bsp_bluetooth.o
    0x08001298   0x00000050   Code   RO         5225    i.Bluetooth_Mode    bsp_bluetooth.o
    0x080012e8   0x00000004   Code   RO          204    i.BusFault_Handler  stm32f4xx_it.o
    0x080012ec   0x00000014   Code   RO         5226    i.Clear_BLERX_BUFF  bsp_bluetooth.o
    0x08001300   0x00000040   Code   RO         5864    i.DIR_Init          moto.o
    0x08001340   0x00000074   Code   RO         5161    i.DMA1_Stream5_IRQHandler  DMA.o
    0x080013b4   0x00000034   Code   RO         1440    i.DMA_ClearFlag     stm32f4xx_dma.o
    0x080013e8   0x00000016   Code   RO         1442    i.DMA_Cmd           stm32f4xx_dma.o
    0x080013fe   0x00000002   PAD
    0x08001400   0x00000158   Code   RO         1443    i.DMA_DeInit        stm32f4xx_dma.o
    0x08001558   0x00000014   Code   RO         1447    i.DMA_GetCmdStatus  stm32f4xx_dma.o
    0x0800156c   0x00000044   Code   RO         1451    i.DMA_GetFlagStatus  stm32f4xx_dma.o
    0x080015b0   0x0000003a   Code   RO         1453    i.DMA_ITConfig      stm32f4xx_dma.o
    0x080015ea   0x00000002   PAD
    0x080015ec   0x00000058   Code   RO         1454    i.DMA_Init          stm32f4xx_dma.o
    0x08001644   0x000000a0   Code   RO         5162    i.DMA_Initializes   DMA.o
    0x080016e4   0x00000004   Code   RO         1457    i.DMA_SetCurrDataCounter  stm32f4xx_dma.o
    0x080016e8   0x00000002   Code   RO          205    i.DebugMon_Handler  stm32f4xx_it.o
    0x080016ea   0x00000002   PAD
    0x080016ec   0x00000044   Code   RO         5314    i.Diag_Begin        ble_diag.o
    0x08001730   0x00000048   Code   RO         5315    i.Diag_CRC          ble_diag.o
    0x08001778   0x00000204   Code   RO         5316    i.Diag_Command      ble_diag.o
    0x0800197c   0x00000044   Code   RO         5317    i.Diag_ConfigStart  ble_diag.o
    0x080019c0   0x000001d8   Code   RO         5318    i.Diag_Encode       ble_diag.o
    0x08001b98   0x0000004c   Code   RO         5319    i.Diag_Field        ble_diag.o
    0x08001be4   0x0000004c   Code   RO         5320    i.Diag_Finalize     ble_diag.o
    0x08001c30   0x00000094   Code   RO         5321    i.Diag_Fit          ble_diag.o
    0x08001cc4   0x00000058   Code   RO         5322    i.Diag_Init         ble_diag.o
    0x08001d1c   0x0000002c   Code   RO         5323    i.Diag_InputDone    ble_diag.o
    0x08001d48   0x0000006c   Code   RO         5324    i.Diag_Parameter    ble_diag.o
    0x08001db4   0x00000184   Code   RO         5325    i.Diag_Poll         ble_diag.o
    0x08001f38   0x00000354   Code   RO         5326    i.Diag_Submit       ble_diag.o
    0x0800228c   0x0000000e   Code   RO         5327    i.Diag_TimeMs       ble_diag.o
    0x0800229a   0x0000001e   Code   RO         5328    i.Diag_TimeUs       ble_diag.o
    0x080022b8   0x00000008   Code   RO         5865    i.Encoder_Init      moto.o
    0x080022c0   0x00000090   Code   RO         2045    i.GPIO_Init         stm32f4xx_gpio.o
    0x08002350   0x00000046   Code   RO         2046    i.GPIO_PinAFConfig  stm32f4xx_gpio.o
    0x08002396   0x00000012   Code   RO         2049    i.GPIO_ReadInputDataBit  stm32f4xx_gpio.o
    0x080023a8   0x00000004   Code   RO         2052    i.GPIO_ResetBits    stm32f4xx_gpio.o
    0x080023ac   0x00000004   Code   RO         2053    i.GPIO_SetBits      stm32f4xx_gpio.o
    0x080023b0   0x00000012   Code   RO         2054    i.GPIO_StructInit   stm32f4xx_gpio.o
    0x080023c2   0x00000002   PAD
    0x080023c4   0x0000000c   Code   RO         5227    i.Get_Bluetooth_ConnectFlag  bsp_bluetooth.o
    0x080023d0   0x000000d4   Code   RO         5866    i.Get_Encoder       moto.o
    0x080024a4   0x00000004   Code   RO          206    i.HardFault_Handler  stm32f4xx_it.o
    0x080024a8   0x00000350   Code   RO         5597    i.LEIDA_DATA_HANDLE1  LEIDA_DATA.o
    0x080027f8   0x00000244   Code   RO         5598    i.LEIDA_DATA_HANDLE10  LEIDA_DATA.o
    0x08002a3c   0x000001b8   Code   RO         5599    i.LEIDA_DATA_HANDLE11  LEIDA_DATA.o
    0x08002bf4   0x00000098   Code   RO         5602    i.LEIDA_DATA_HANDLE2  LEIDA_DATA.o
    0x08002c8c   0x00000058   Code   RO         5604    i.LEIDA_DATA_HANDLE3_2  LEIDA_DATA.o
    0x08002ce4   0x000005bc   Code   RO         5605    i.LEIDA_DATA_HANDLE4  LEIDA_DATA.o
    0x080032a0   0x0000048c   Code   RO         5606    i.LEIDA_DATA_HANDLE5  LEIDA_DATA.o
    0x0800372c   0x000001bc   Code   RO         5607    i.LEIDA_DATA_HANDLE5_2  LEIDA_DATA.o
    0x080038e8   0x00000108   Code   RO         5608    i.LEIDA_DATA_HANDLE6  LEIDA_DATA.o
    0x080039f0   0x00000128   Code   RO         5609    i.LEIDA_DATA_HANDLE7  LEIDA_DATA.o
    0x08003b18   0x000001ec   Code   RO         5610    i.LEIDA_DATA_HANDLE8  LEIDA_DATA.o
    0x08003d04   0x000001f0   Code   RO         5611    i.LEIDA_DATA_HANDLE9  LEIDA_DATA.o
    0x08003ef4   0x000001e4   Code   RO         5612    i.LEIDA_Distance    LEIDA_DATA.o
    0x080040d8   0x00000004   Code   RO          207    i.MemManage_Handler  stm32f4xx_it.o
    0x080040dc   0x000004f8   Code   RO         5743    i.Midline_PD        CENTRE_LINE.o
    0x080045d4   0x00000030   Code   RO         5744    i.Midline_PD_Init   CENTRE_LINE.o
    0x08004604   0x00000158   Code   RO         5745    i.Midline_fit       CENTRE_LINE.o
    0x0800475c   0x00000018   Code   RO         5867    i.Moto_Init         moto.o
    0x08004774   0x00000010   Code   RO         5868    i.Moto_Speed        moto.o
    0x08004784   0x00000002   Code   RO          208    i.NMI_Handler       stm32f4xx_it.o
    0x08004786   0x00000002   PAD
    0x08004788   0x00000078   Code   RO          322    i.NVIC_Init         misc.o
    0x08004800   0x00000014   Code   RO          323    i.NVIC_PriorityGroupConfig  misc.o
    0x08004814   0x000000d4   Code   RO         5746    i.PID_realize       CENTRE_LINE.o
    0x080048e8   0x000000a4   Code   RO         5938    i.PWM_Init_leida    PWM.o
    0x0800498c   0x00000014   Code   RO         5939    i.PWM_SetCompare_leida  PWM.o
    0x080049a0   0x00000002   Code   RO          209    i.PendSV_Handler    stm32f4xx_it.o
    0x080049a2   0x00000002   PAD
    0x080049a4   0x00000020   Code   RO         2909    i.RCC_AHB1PeriphClockCmd  stm32f4xx_rcc.o
    0x080049c4   0x00000020   Code   RO         2918    i.RCC_APB1PeriphClockCmd  stm32f4xx_rcc.o
    0x080049e4   0x00000020   Code   RO         2920    i.RCC_APB1PeriphResetCmd  stm32f4xx_rcc.o
    0x08004a04   0x00000020   Code   RO         2921    i.RCC_APB2PeriphClockCmd  stm32f4xx_rcc.o
    0x08004a24   0x00000020   Code   RO         2923    i.RCC_APB2PeriphResetCmd  stm32f4xx_rcc.o
    0x08004a44   0x000000e8   Code   RO         2930    i.RCC_GetClocksFreq  stm32f4xx_rcc.o
    0x08004b2c   0x00000034   Code   RO         5813    i.Radar_ControlCompleted  timer.o
    0x08004b60   0x00000048   Code   RO         5814    i.Radar_GuardTick   timer.o
    0x08004ba8   0x00000002   Code   RO          210    i.SVC_Handler       stm32f4xx_it.o
    0x08004baa   0x00000002   PAD
    0x08004bac   0x0000001c   Code   RO         5229    i.Send_Bluetooth_Data  bsp_bluetooth.o
    0x08004bc8   0x00000014   Code   RO         5912    i.Servo_ChangePwm   Servo.o
    0x08004bdc   0x00000014   Code   RO         5913    i.Servo_Init        Servo.o
    0x08004bf0   0x000000ec   Code   RO          278    i.SetSysClock       system_stm32f4xx.o
    0x08004cdc   0x00000024   Code   RO         5748    i.Speed_PID_Init    CENTRE_LINE.o
    0x08004d00   0x00000028   Code   RO          326    i.SysTick_CLKSourceConfig  misc.o
    0x08004d28   0x00000002   Code   RO          211    i.SysTick_Handler   stm32f4xx_it.o
    0x08004d2a   0x00000002   PAD
    0x08004d2c   0x00000068   Code   RO          280    i.SystemInit        system_stm32f4xx.o
    0x08004d94   0x0000003a   Code   RO         4240    i.TI1_Config        stm32f4xx_tim.o
    0x08004dce   0x00000050   Code   RO         4241    i.TI2_Config        stm32f4xx_tim.o
    0x08004e1e   0x00000048   Code   RO         4242    i.TI3_Config        stm32f4xx_tim.o
    0x08004e66   0x00000050   Code   RO         4243    i.TI4_Config        stm32f4xx_tim.o
    0x08004eb6   0x00000002   PAD
    0x08004eb8   0x000000a0   Code   RO         5941    i.TIM2_PWM_Init     PWM.o
    0x08004f58   0x000000a0   Code   RO         5943    i.TIM3_PWM_Init     PWM.o
    0x08004ff8   0x000000b8   Code   RO         5944    i.TIM4_PWM_Init     PWM.o
    0x080050b0   0x00000094   Code   RO         5816    i.TIM5_IRQHandler   timer.o
    0x08005144   0x0000005c   Code   RO         5817    i.TIM5_Int_Init     timer.o
    0x080051a0   0x00000024   Code   RO         5329    i.TIM6_DAC_IRQHandler  ble_diag.o
    0x080051c4   0x00000018   Code   RO         4244    i.TIM_ARRPreloadConfig  stm32f4xx_tim.o
    0x080051dc   0x00000006   Code   RO         4251    i.TIM_ClearITPendingBit  stm32f4xx_tim.o
    0x080051e2   0x00000018   Code   RO         4256    i.TIM_Cmd           stm32f4xx_tim.o
    0x080051fa   0x00000042   Code   RO         4265    i.TIM_EncoderInterfaceConfig  stm32f4xx_tim.o
    0x0800523c   0x00000006   Code   RO         4275    i.TIM_GetCounter    stm32f4xx_tim.o
    0x08005242   0x00000022   Code   RO         4277    i.TIM_GetITStatus   stm32f4xx_tim.o
    0x08005264   0x0000006e   Code   RO         4279    i.TIM_ICInit        stm32f4xx_tim.o
    0x080052d2   0x00000012   Code   RO         4280    i.TIM_ICStructInit  stm32f4xx_tim.o
    0x080052e4   0x00000012   Code   RO         4281    i.TIM_ITConfig      stm32f4xx_tim.o
    0x080052f6   0x00000002   PAD
    0x080052f8   0x0000007c   Code   RO         4285    i.TIM_OC1Init       stm32f4xx_tim.o
    0x08005374   0x00000012   Code   RO         4288    i.TIM_OC1PreloadConfig  stm32f4xx_tim.o
    0x08005386   0x00000004   Code   RO         4318    i.TIM_SetCompare1   stm32f4xx_tim.o
    0x0800538a   0x00000004   Code   RO         4322    i.TIM_SetCounter    stm32f4xx_tim.o
    0x0800538e   0x00000012   Code   RO         4323    i.TIM_SetIC1Prescaler  stm32f4xx_tim.o
    0x080053a0   0x0000001a   Code   RO         4324    i.TIM_SetIC2Prescaler  stm32f4xx_tim.o
    0x080053ba   0x00000012   Code   RO         4325    i.TIM_SetIC3Prescaler  stm32f4xx_tim.o
    0x080053cc   0x0000001a   Code   RO         4326    i.TIM_SetIC4Prescaler  stm32f4xx_tim.o
    0x080053e6   0x00000002   PAD
    0x080053e8   0x00000084   Code   RO         4328    i.TIM_TimeBaseInit  stm32f4xx_tim.o
    0x0800546c   0x000002d8   Code   RO         5543    i.Tune_ApplyOne     ble_tune.o
    0x08005744   0x00000028   Code   RO         5544    i.Tune_ConfigValue  ble_tune.o
    0x0800576c   0x00000090   Code   RO         5545    i.Tune_GetPoll      ble_tune.o
    0x080057fc   0x0000000c   Code   RO         5546    i.Tune_SendAll      ble_tune.o
    0x08005808   0x00000094   Code   RO         5230    i.USART6_IRQHandler  bsp_bluetooth.o
    0x0800589c   0x00000012   Code   RO         4802    i.USART_ClearFlag   stm32f4xx_usart.o
    0x080058ae   0x00000018   Code   RO         4806    i.USART_Cmd         stm32f4xx_usart.o
    0x080058c6   0x00000012   Code   RO         4807    i.USART_DMACmd      stm32f4xx_usart.o
    0x080058d8   0x000000f0   Code   RO         4808    i.USART_DeInit      stm32f4xx_usart.o
    0x080059c8   0x00000054   Code   RO         4810    i.USART_GetITStatus  stm32f4xx_usart.o
    0x08005a1c   0x0000004a   Code   RO         4812    i.USART_ITConfig    stm32f4xx_usart.o
    0x08005a66   0x00000002   PAD
    0x08005a68   0x000000d4   Code   RO         4813    i.USART_Init        stm32f4xx_usart.o
    0x08005b3c   0x00000008   Code   RO         4823    i.USART_SendData    stm32f4xx_usart.o
    0x08005b44   0x00000018   Code   RO         4829    i.USART_StructInit  stm32f4xx_usart.o
    0x08005b5c   0x00000004   Code   RO          212    i.UsageFault_Handler  stm32f4xx_it.o
    0x08005b60   0x00000020   Code   RO         6514    i.__0printf         mc_w.l(printfa.o)
    0x08005b80   0x00000028   Code   RO         6516    i.__0sprintf        mc_w.l(printfa.o)
    0x08005ba8   0x00000008   Code   RO         6618    i.__aeabi_errno_addr  mc_w.l(errno.o)
    0x08005bb0   0x00000006   Code   RO         5330    i.__get_PRIMASK     ble_diag.o
    0x08005bb6   0x00000014   Code   RO         6242    i.__hardfp_fabs     m_wm.l(fabs.o)
    0x08005bca   0x0000000e   Code   RO         6642    i.__scatterload_copy  mc_w.l(handlers.o)
    0x08005bd8   0x00000002   Code   RO         6643    i.__scatterload_null  mc_w.l(handlers.o)
    0x08005bda   0x0000000e   Code   RO         6644    i.__scatterload_zeroinit  mc_w.l(handlers.o)
    0x08005be8   0x00000006   Code   RO         5331    i.__set_PRIMASK     ble_diag.o
    0x08005bee   0x00000002   PAD
    0x08005bf0   0x00000184   Code   RO         6521    i._fp_digits        mc_w.l(printfa.o)
    0x08005d74   0x000006dc   Code   RO         6522    i._printf_core      mc_w.l(printfa.o)
    0x08006450   0x00000024   Code   RO         6523    i._printf_post_padding  mc_w.l(printfa.o)
    0x08006474   0x0000002e   Code   RO         6524    i._printf_pre_padding  mc_w.l(printfa.o)
    0x080064a2   0x0000000a   Code   RO         6526    i._sputc            mc_w.l(printfa.o)
    0x080064ac   0x00000040   Code   RO         5332    i.clock_read        ble_diag.o
    0x080064ec   0x00000224   Code   RO         5333    i.config_poll       ble_diag.o
    0x08006710   0x0000003c   Code   RO         5052    i.delay_init        delay.o
    0x0800674c   0x00000078   Code   RO         5334    i.event             ble_diag.o
    0x080067c4   0x0000001c   Code   RO         5111    i.fputc             usart.o
    0x080067e0   0x00000040   Code   RO         5335    i.header            ble_diag.o
    0x08006820   0x000015e0   Code   RO            3    i.main              main.o
    0x08007e00   0x0000004c   Code   RO         5336    i.number            ble_diag.o
    0x08007e4c   0x00000008   Code   RO         5337    i.put16             ble_diag.o
    0x08007e54   0x00000018   Code   RO         5338    i.put32             ble_diag.o
    0x08007e6c   0x00000066   Code   RO         5616    i.reverse           LEIDA_DATA.o
    0x08007ed2   0x00000002   PAD
    0x08007ed4   0x00000098   Code   RO         5112    i.uart2_init        usart.o
    0x08007f6c   0x00000090   Code   RO         5113    i.uart3_init        usart.o
    0x08007ffc   0x00000090   Code   RO         5114    i.uart_init         usart.o
    0x0800808c   0x00000034   Data   RO         5340    .constdata          ble_diag.o
    0x080080c0   0x00000120   Data   RO         5548    .constdata          ble_tune.o
    0x080081e0   0x00000804   Data   RO         6219    .constdata          arm_cortexM4lf_math.lib(arm_common_tables.o)
    0x080089e4   0x00000081   Data   RO         6591    .constdata          mc_w.l(ctype_o.o)
    0x08008a65   0x00000003   PAD
    0x08008a68   0x00000004   Data   RO         6592    .constdata          mc_w.l(ctype_o.o)
    0x08008a6c   0x000000b6   Data   RO         5341    .conststring        ble_diag.o
    0x08008b22   0x00000002   PAD
    0x08008b24   0x0000005b   Data   RO         5549    .conststring        ble_tune.o
    0x08008b7f   0x00000001   PAD
    0x08008b80   0x00000020   Data   RO         6640    Region$$Table       anon$$obj.o


    Execution Region RW_IRAM1 (Base: 0x20000000, Size: 0x0000ebd8, Max: 0x00020000, ABSOLUTE, COMPRESSED[0x00000038])

    Base Addr    Size         Type   Attr      Idx    E Section Name        Object

    0x20000000   0x00000024   Data   RW            4    .data               main.o
    0x20000024   0x00000010   Data   RW         2962    .data               stm32f4xx_rcc.o
    0x20000034   0x00000004   Data   RW         5056    .data               delay.o
    0x20000038   0x00000004   Data   RW         5115    .data               usart.o
    0x2000003c   0x00000002   Data   RW         5164    .data               DMA.o
    0x2000003e   0x00000004   Data   RW         5232    .data               bsp_bluetooth.o
    0x20000042   0x00000002   PAD
    0x20000044   0x00000068   Data   RW         5342    .data               ble_diag.o
    0x200000ac   0x0000000d   Data   RW         5495    .data               ble_tx.o
    0x200000b9   0x00000003   Data   RW         5550    .data               ble_tune.o
    0x200000bc   0x0000003c   Data   RW         5618    .data               LEIDA_DATA.o
    0x200000f8   0x00000060   Data   RW         5752    .data               CENTRE_LINE.o
    0x20000158   0x00000010   Data   RW         5818    .data               timer.o
    0x20000168   0x00000010   Data   RW         5870    .data               moto.o
    0x20000178   0x00000004   Data   RW         6621    .data               mc_w.l(errno.o)
    0x2000017c   0x00000e0c   Zero   RW         5163    .bss                DMA.o
    0x20000f88   0x000000c8   Zero   RW         5231    .bss                bsp_bluetooth.o
    0x20001050   0x000001a8   Zero   RW         5339    .bss                ble_diag.o
    0x200011f8   0x00000630   Zero   RW         5494    .bss                ble_tx.o
    0x20001828   0x000000c8   Zero   RW         5547    .bss                ble_tune.o
    0x200018f0   0x0000ce40   Zero   RW         5617    .bss                LEIDA_DATA.o
    0x2000e730   0x0000009c   Zero   RW         5751    .bss                CENTRE_LINE.o
    0x2000e7cc   0x0000000a   Zero   RW         5869    .bss                moto.o
    0x2000e7d6   0x00000002   PAD
    0x2000e7d8   0x00000400   Zero   RW          313    STACK               startup_stm32f40_41xxx.o


==============================================================================

Image component sizes


      Code (inc. data)   RO Data    RW Data    ZI Data      Debug   Object Name

      1912        128          0         96        156       8961   CENTRE_LINE.o
       276         44          0          2       3596       2206   DMA.o
      7318        362          0         60      52800      20117   LEIDA_DATA.o
       688         38          0          0          0       3908   PWM.o
        40          6          0          0          0       1291   Servo.o
      3972        788        234        104        424      23067   ble_diag.o
      1432        358        379          3        200       6791   ble_tune.o
       796         82          0         13       1584       4674   ble_tx.o
       706         98          0          4        200       6870   bsp_bluetooth.o
        60          8          0          4          0        809   delay.o
      5600        596          0         36          0     302136   main.o
       180         24          0          0          0       2337   misc.o
       324         38          0         16         10       3980   moto.o
        36          8        392          0       1024        904   startup_stm32f40_41xxx.o
       656         54          0          0          0       6793   stm32f4xx_dma.o
       258          0          0          0          0       4473   stm32f4xx_gpio.o
        26          0          0          0          0       4674   stm32f4xx_it.o
       392         48          0         16          0       6205   stm32f4xx_rcc.o
       966         38          0          0          0      15767   stm32f4xx_tim.o
       702         42          0          0          0       7226   stm32f4xx_usart.o
       340         32          0          0          0       1737   system_stm32f4xx.o
       364         66          0         16          0       3957   timer.o
       468         34          0          4          0       4792   usart.o

    ----------------------------------------------------------------------
     27542       2892       1040        376      59996     443675   Object Totals
         0          0         32          0          0          0   (incl. Generated)
        30          0          3          2          2          0   (incl. Padding)

    ----------------------------------------------------------------------

      Code (inc. data)   RO Data    RW Data    ZI Data      Debug   Library Member Name

         0          0       2052          0          0       4704   arm_common_tables.o
       120         12          0          0          0      17170   arm_cos_f32.o
       148         18          0          0          0        814   arm_sin_f32.o
        20          0          0          0          0        124   fabs.o
        86          0          0          0          0          0   __dczerorl2.o
        28          0          0          0          0         68   _chval.o
       158          0          0          0          0         92   _strtoul.o
         8          4        133          0          0         68   ctype_o.o
         0          0          0          0          0          0   entry.o
         0          0          0          0          0          0   entry10a.o
         0          0          0          0          0          0   entry11a.o
         8          4          0          0          0          0   entry2.o
         4          0          0          0          0          0   entry5.o
         0          0          0          0          0          0   entry7b.o
         0          0          0          0          0          0   entry8b.o
         8          4          0          0          0          0   entry9a.o
         8          4          0          4          0         68   errno.o
        30          0          0          0          0          0   handlers.o
        36          8          0          0          0         68   init.o
         0          0          0          0          0          0   iusefp.o
        30          0          0          0          0         68   llshl.o
        36          0          0          0          0         68   llsshr.o
        32          0          0          0          0         68   llushr.o
        64          0          0          0          0         76   memmovea.o
        36          0          0          0          0        108   memseta.o
      2308         96          0          0          0        604   printfa.o
        20          0          0          0          0         68   strchr.o
        28          0          0          0          0         76   strcmp.o
        14          0          0          0          0         68   strlen.o
        30          0          0          0          0         80   strncmp.o
       112          0          0          0          0         88   strtol.o
        44          0          0          0          0         80   uidiv.o
        98          0          0          0          0         92   uldiv.o
        48          0          0          0          0         68   cdcmple.o
        48          0          0          0          0         68   cdrcmple.o
        56          0          0          0          0         88   d2f.o
       334          0          0          0          0        148   dadd.o
       222          0          0          0          0        100   ddiv.o
       186          0          0          0          0        176   depilogue.o
        62          0          0          0          0         80   dfixi.o
        50          0          0          0          0         76   dfixui.o
        48          0          0          0          0         68   dfixul.o
        26          0          0          0          0         76   dfltui.o
       228          0          0          0          0         96   dmul.o
        38          0          0          0          0         68   f2d.o
       110          0          0          0          0        168   fepilogue.o

    ----------------------------------------------------------------------
      4974        150       2188          4          0      26000   Library Totals
         4          0          3          0          0          0   (incl. Padding)

    ----------------------------------------------------------------------

      Code (inc. data)   RO Data    RW Data    ZI Data      Debug   Library Name

       268         30       2052          0          0      22688   arm_cortexM4lf_math.lib
        20          0          0          0          0        124   m_wm.l
      3226        120        133          4          0       1908   mc_w.l
      1456          0          0          0          0       1280   mf_w.l

    ----------------------------------------------------------------------
      4974        150       2188          4          0      26000   Library Totals

    ----------------------------------------------------------------------

==============================================================================


      Code (inc. data)   RO Data    RW Data    ZI Data      Debug   

     32516       3042       3228        380      59996     453943   Grand Totals
     32516       3042       3228         56      59996     453943   ELF Image Totals (compressed)
     32516       3042       3228         56          0          0   ROM Totals

==============================================================================

    Total RO  Size (Code + RO Data)                35744 (  34.91kB)
    Total RW  Size (RW Data + ZI Data)             60376 (  58.96kB)
    Total ROM Size (Code + RO Data + RW Data)      35800 (  34.96kB)

==============================================================================

