PASS 7751 M10P production-C checks




PASS 6449 variable-length checks





{"file": "hardware_check_verified.bin", "chunk": 1, "packets": 4311, "scans": 179, "points": 298387, "bad": 0, "discontinuities": 0, "overflow": 0, "rejected": 0, "point_sha256": "b6b7f0599cd0595bef634fa9869af499ea0a1caa35e7814cf8124534aed80ae5"}

{"file": "hardware_check_verified.bin", "chunk": 7, "packets": 4311, "scans": 179, "points": 298387, "bad": 0, "discontinuities": 0, "overflow": 0, "rejected": 0, "point_sha256": "b6b7f0599cd0595bef634fa9869af499ea0a1caa35e7814cf8124534aed80ae5"}

{"file": "hardware_check_verified.bin", "chunk": 160, "packets": 4311, "scans": 179, "points": 298387, "bad": 0, "discontinuities": 0, "overflow": 0, "rejected": 0, "point_sha256": "b6b7f0599cd0595bef634fa9869af499ea0a1caa35e7814cf8124534aed80ae5"}

{"file": "hardware_check_verified.bin", "chunk": 512, "packets": 4311, "scans": 179, "points": 298387, "bad": 0, "discontinuities": 0, "overflow": 0, "rejected": 0, "point_sha256": "b6b7f0599cd0595bef634fa9869af499ea0a1caa35e7814cf8124534aed80ae5"}

{"file": "latest_capture.bin", "chunk": 1, "packets": 8635, "scans": 359, "points": 598342, "bad": 0, "discontinuities": 0, "overflow": 0, "rejected": 0, "point_sha256": "31ae64903db19804897714bccdf0fd01a4a94364adb62a30db4137fde3fa280c"}

{"file": "latest_capture.bin", "chunk": 7, "packets": 8635, "scans": 359, "points": 598342, "bad": 0, "discontinuities": 0, "overflow": 0, "rejected": 0, "point_sha256": "31ae64903db19804897714bccdf0fd01a4a94364adb62a30db4137fde3fa280c"}

{"file": "latest_capture.bin", "chunk": 160, "packets": 8635, "scans": 359, "points": 598342, "bad": 0, "discontinuities": 0, "overflow": 0, "rejected": 0, "point_sha256": "31ae64903db19804897714bccdf0fd01a4a94364adb62a30db4137fde3fa280c"}

{"file": "latest_capture.bin", "chunk": 512, "packets": 8635, "scans": 359, "points": 598342, "bad": 0, "discontinuities": 0, "overflow": 0, "rejected": 0, "point_sha256": "31ae64903db19804897714bccdf0fd01a4a94364adb62a30db4137fde3fa280c"}

PASS real captures: 4 chunk sizes, every published point matches Python reference


PASS 2050 adapter/race/PI checks




PASS 163 DMA ISR/FIFO checks





PASS 38 nearest-boundary/gap checks





PASS 142 production path geometry / steering checks





PASS 11 production steering write/freshness/epoch checks





aa5502077800000000007b00000001000000200100000000000000000000000000000000000011000000630000000000000000000000000000000000000000000000020000005a0000000004000000000000b00400000c00000050c30000510000007900000079000000b0040000010000006a1800007df1




PASS production C -> PC M10P telemetry, CRC and schema checks

aa550205d000000000007b00000002000000580000000700000000000000050000000807000000000000010000000200000000000000010000000200000000000000000000000000000000000000000000000000000000000000d2040000a505000000000000000000000000000000000000000000000000a0c20000000000000000000000000000000000000000000000000000000000002f4400000000000000000000fa4300000000000000000000e143000000000000000000000000000000000000000000800944000000007bec




PASS production C -> PC PATH schema-2 candidate/applied/geometry fields

aa550208b000000000007b000000010000000000000007000000000000000000000003000000040000000000000000000000000000000200000000000000333373c10000000066667e41333373410080d443000000000000000000000000000000000000000000000000000000000000000000000000000000000000000000000000000000000000000000000000000000000000000000000000000000000000000000000000000000000000000049b9


aa550209e000010000007b00000001000000010000000000000003000000070000006700000080a90300020000000000000090010000000000002800000038ff640039ff65003aff66003bff67003cff68003dff69003eff6a003fff6b0040ff6c0041ff6d0042ff6e0043ff6f0044ff700045ff710046ff720047ff730048ff740049ff75004aff76004bff77004cff78004dff79004eff7a004fff7b0050ff7c0051ff7d0052ff7e0053ff7f0054ff800055ff810056ff820057ff830058ff840059ff85005aff86005bff87005cff88005dff89005eff8a005fff8b00de60


aa550209e000020000007b00000001000000010000000000000003000000070000006700000080a90300020000000000000090010000280000002800000060ff8c0061ff8d0062ff8e0063ff8f0064ff900065ff910066ff920067ff930068ff940069ff95006aff96006bff97006cff98006dff99006eff9a006fff9b0070ff9c0071ff9d0072ff9e0073ff9f0074ffa00075ffa10076ffa20077ffa30078ffa40079ffa5007affa6007bffa7007cffa8007dffa9007effaa007fffab0080ffac0081ffad0082ffae0083ffaf0084ffb00085ffb10086ffb20087ffb3009947


aa550209e000030000007b00000001000000010000000000000003000000070000006700000080a90300020000000000000090010000500000002800000088ffb40089ffb5008affb6008bffb7008cffb8008dffb9008effba008fffbb0090ffbc0091ffbd0092ffbe0093ffbf0094ffc00095ffc10096ffc20097ffc30098ffc40099ffc5009affc6009bffc7009cffc8009dffc9009effca009fffcb00a0ffcc00a1ffcd00a2ffce00a3ffcf00a4ffd000a5ffd100a6ffd200a7ffd300a8ffd400a9ffd500aaffd600abffd700acffd800adffd900aeffda00afffdb00de25


aa550209e000040000007b00000001000000010000000000000003000000070000006700000080a903000200000000000000900100007800000028000000b0ffdc00b1ffdd00b2ffde00b3ffdf00b4ffe000b5ffe100b6ffe200b7ffe300b8ffe400b9ffe500baffe600bbffe700bcffe800bdffe900beffea00bfffeb00c0ffec00c1ffed00c2ffee00c3ffef00c4fff000c5fff100c6fff200c7fff300c8fff400c9fff500cafff600cbfff700ccfff800cdfff900cefffa00cffffb00d0fffc00d1fffd00d2fffe00d3ffff00d4ff0001d5ff0101d6ff0201d7ff03013082


aa550209e000050000007b00000001000000010000000000000003000000070000006700000080a90300020000000000000090010000a000000028000000d8ff0401d9ff0501daff0601dbff0701dcff0801ddff0901deff0a01dfff0b01e0ff0c01e1ff0d01e2ff0e01e3ff0f01e4ff1001e5ff1101e6ff1201e7ff1301e8ff1401e9ff1501eaff1601ebff1701ecff1801edff1901eeff1a01efff1b01f0ff1c01f1ff1d01f2ff1e01f3ff1f01f4ff2001f5ff2101f6ff2201f7ff2301f8ff2401f9ff2501faff2601fbff2701fcff2801fdff2901feff2a01ffff2b014cc5


aa550209e000060000007b00000001000000010000000000000003000000070000006700000080a90300020000000000000090010000c80000002800000000002c0100002d0101002e0102002f01030030010400310105003201060033010700340108003501090036010a0037010b0038010c0039010d003a010e003b010f003c0110003d0111003e0112003f01130040011400410115004201160043011700440118004501190046011a0047011b0048011c0049011d004a011e004b011f004c0120004d0121004e0122004f01230050012400510125005201260053011848


aa550209e000070000007b00000001000000010000000000000003000000070000006700000080a90300020000000000000090010000f0000000280000002700540128005501290056012a0057012b0058012c0059012d005a012e005b012f005c0130005d0131005e0132005f01330060013400610135006201360063013700640138006501390066013a0067013b0068013c0069013d006a013e006b013f006c0140006d0141006e0142006f01430070014400710145007201460073014700740148007501490076014a0077014b0078014c0079014d007a014e007b019baa


aa550209e000080000007b00000001000000010000000000000003000000070000006700000080a9030002000000000000009001000018010000280000004f007c0150007d0151007e0152007f01530080015400810155008201560083015700840158008501590086015a0087015b0088015c0089015d008a015e008b015f008c0160008d0161008e0162008f01630090016400910165009201660093016700940168009501690096016a0097016b0098016c0099016d009a016e009b016f009c0170009d0171009e0172009f017300a0017400a1017500a2017600a3018888


aa550209e000090000007b00000001000000010000000000000003000000070000006700000080a9030002000000000000009001000040010000280000007700a4017800a5017900a6017a00a7017b00a8017c00a9017d00aa017e00ab017f00ac018000ad018100ae018200af018300b0018400b1018500b2018600b3018700b4018800b5018900b6018a00b7018b00b8018c00b9018d00ba018e00bb018f00bc019000bd019100be019200bf019300c0019400c1019500c2019600c3019700c4019800c5019900c6019a00c7019b00c8019c00c9019d00ca019e00cb019b2e


aa550209e0000a0000007b00000001000000010000000000000003000000070000006700000080a9030002000000000000009001000068010000280000009f00cc01a000cd01a100ce01a200cf01a300d001a400d101a500d201a600d301a700d401a800d501a900d601aa00d701ab00d801ac00d901ad00da01ae00db01af00dc01b000dd01b100de01b200df01b300e001b400e101b500e201b600e301b700e401b800e501b900e601ba00e701bb00e801bc00e901bd00ea01be00eb01bf00ec01c000ed01c100ee01c200ef01c300f001c400f101c500f201c600f301cd79


aa550209e0000b0000007b00000001000000010000000100000004000000070000006800000000e20400020000000000000090010000000000002800000038ff640039ff65003aff66003bff67003cff68003dff69003eff6a003fff6b0040ff6c0041ff6d0042ff6e0043ff6f0044ff700045ff710046ff720047ff730048ff740049ff75004aff76004bff77004cff78004dff79004eff7a004fff7b0050ff7c0051ff7d0052ff7e0053ff7f0054ff800055ff810056ff820057ff830058ff840059ff85005aff86005bff87005cff88005dff89005eff8a005fff8b00a9e1


aa550209e0000c0000007b00000001000000010000000100000004000000070000006800000000e20400020000000000000090010000280000002800000060ff8c0061ff8d0062ff8e0063ff8f0064ff900065ff910066ff920067ff930068ff940069ff95006aff96006bff97006cff98006dff99006eff9a006fff9b0070ff9c0071ff9d0072ff9e0073ff9f0074ffa00075ffa10076ffa20077ffa30078ffa40079ffa5007affa6007bffa7007cffa8007dffa9007effaa007fffab0080ffac0081ffad0082ffae0083ffaf0084ffb00085ffb10086ffb20087ffb300242f


aa550209e0000d0000007b00000001000000010000000100000004000000070000006800000000e20400020000000000000090010000500000002800000088ffb40089ffb5008affb6008bffb7008cffb8008dffb9008effba008fffbb0090ffbc0091ffbd0092ffbe0093ffbf0094ffc00095ffc10096ffc20097ffc30098ffc40099ffc5009affc6009bffc7009cffc8009dffc9009effca009fffcb00a0ffcc00a1ffcd00a2ffce00a3ffcf00a4ffd000a5ffd100a6ffd200a7ffd300a8ffd400a9ffd500aaffd600abffd700acffd800adffd900aeffda00afffdb00634d


aa550209e0000e0000007b00000001000000010000000100000004000000070000006800000000e204000200000000000000900100007800000028000000b0ffdc00b1ffdd00b2ffde00b3ffdf00b4ffe000b5ffe100b6ffe200b7ffe300b8ffe400b9ffe500baffe600bbffe700bcffe800bdffe900beffea00bfffeb00c0ffec00c1ffed00c2ffee00c3ffef00c4fff000c5fff100c6fff200c7fff300c8fff400c9fff500cafff600cbfff700ccfff800cdfff900cefffa00cffffb00d0fffc00d1fffd00d2fffe00d3ffff00d4ff0001d5ff0101d6ff0201d7ff03014703


aa550209e0000f0000007b00000001000000010000000100000004000000070000006800000000e20400020000000000000090010000a000000028000000d8ff0401d9ff0501daff0601dbff0701dcff0801ddff0901deff0a01dfff0b01e0ff0c01e1ff0d01e2ff0e01e3ff0f01e4ff1001e5ff1101e6ff1201e7ff1301e8ff1401e9ff1501eaff1601ebff1701ecff1801edff1901eeff1a01efff1b01f0ff1c01f1ff1d01f2ff1e01f3ff1f01f4ff2001f5ff2101f6ff2201f7ff2301f8ff2401f9ff2501faff2601fbff2701fcff2801fdff2901feff2a01ffff2b013b44


aa550209e000100000007b00000001000000010000000100000004000000070000006800000000e20400020000000000000090010000c80000002800000000002c0100002d0101002e0102002f01030030010400310105003201060033010700340108003501090036010a0037010b0038010c0039010d003a010e003b010f003c0110003d0111003e0112003f01130040011400410115004201160043011700440118004501190046011a0047011b0048011c0049011d004a011e004b011f004c0120004d0121004e0122004f01230050012400510125005201260053015b74


aa550209e000110000007b00000001000000010000000100000004000000070000006800000000e20400020000000000000090010000f0000000280000002700540128005501290056012a0057012b0058012c0059012d005a012e005b012f005c0130005d0131005e0132005f01330060013400610135006201360063013700640138006501390066013a0067013b0068013c0069013d006a013e006b013f006c0140006d0141006e0142006f01430070014400710145007201460073014700740148007501490076014a0077014b0078014c0079014d007a014e007b01d896


aa550209e000120000007b00000001000000010000000100000004000000070000006800000000e2040002000000000000009001000018010000280000004f007c0150007d0151007e0152007f01530080015400810155008201560083015700840158008501590086015a0087015b0088015c0089015d008a015e008b015f008c0160008d0161008e0162008f01630090016400910165009201660093016700940168009501690096016a0097016b0098016c0099016d009a016e009b016f009c0170009d0171009e0172009f017300a0017400a1017500a2017600a301b49e


aa550209e000130000007b00000001000000010000000100000004000000070000006800000000e2040002000000000000009001000040010000280000007700a4017800a5017900a6017a00a7017b00a8017c00a9017d00aa017e00ab017f00ac018000ad018100ae018200af018300b0018400b1018500b2018600b3018700b4018800b5018900b6018a00b7018b00b8018c00b9018d00ba018e00bb018f00bc019000bd019100be019200bf019300c0019400c1019500c2019600c3019700c4019800c5019900c6019a00c7019b00c8019c00c9019d00ca019e00cb01a738


aa550209e000140000007b00000001000000010000000100000004000000070000006800000000e2040002000000000000009001000068010000280000009f00cc01a000cd01a100ce01a200cf01a300d001a400d101a500d201a600d301a700d401a800d501a900d601aa00d701ab00d801ac00d901ad00da01ae00db01af00dc01b000dd01b100de01b200df01b300e001b400e101b500e201b600e301b700e401b800e501b900e601ba00e701bb00e801bc00e901bd00ea01be00eb01bf00ec01c000ed01c100ee01c200ef01c300f001c400f101c500f201c600f3013b86


aa550209e000150000007b000000010000000100000002000000050000000700000069000000801a0600020000000100000090010000000000002800000038ff640039ff65003aff66003bff67003cff68003dff69003eff6a003fff6b0040ff6c0041ff6d0042ff6e0043ff6f0044ff700045ff710046ff720047ff730048ff740049ff75004aff76004bff77004cff78004dff79004eff7a004fff7b0050ff7c0051ff7d0052ff7e0053ff7f0054ff800055ff810056ff820057ff830058ff840059ff85005aff86005bff87005cff88005dff89005eff8a005fff8b0036f0


aa550209e000160000007b000000010000000100000002000000050000000700000069000000801a0600020000000100000090010000280000002800000060ff8c0061ff8d0062ff8e0063ff8f0064ff900065ff910066ff920067ff930068ff940069ff95006aff96006bff97006cff98006dff99006eff9a006fff9b0070ff9c0071ff9d0072ff9e0073ff9f0074ffa00075ffa10076ffa20077ffa30078ffa40079ffa5007affa6007bffa7007cffa8007dffa9007effaa007fffab0080ffac0081ffad0082ffae0083ffaf0084ffb00085ffb10086ffb20087ffb30071d7


aa550209e000170000007b000000010000000100000002000000050000000700000069000000801a0600020000000100000090010000500000002800000088ffb40089ffb5008affb6008bffb7008cffb8008dffb9008effba008fffbb0090ffbc0091ffbd0092ffbe0093ffbf0094ffc00095ffc10096ffc20097ffc30098ffc40099ffc5009affc6009bffc7009cffc8009dffc9009effca009fffcb00a0ffcc00a1ffcd00a2ffce00a3ffcf00a4ffd000a5ffd100a6ffd200a7ffd300a8ffd400a9ffd500aaffd600abffd700acffd800adffd900aeffda00afffdb0036b5


aa550209e000180000007b000000010000000100000002000000050000000700000069000000801a06000200000001000000900100007800000028000000b0ffdc00b1ffdd00b2ffde00b3ffdf00b4ffe000b5ffe100b6ffe200b7ffe300b8ffe400b9ffe500baffe600bbffe700bcffe800bdffe900beffea00bfffeb00c0ffec00c1ffed00c2ffee00c3ffef00c4fff000c5fff100c6fff200c7fff300c8fff400c9fff500cafff600cbfff700ccfff800cdfff900cefffa00cffffb00d0fffc00d1fffd00d2fffe00d3ffff00d4ff0001d5ff0101d6ff0201d7ff03016dd1


aa550209e000190000007b000000010000000100000002000000050000000700000069000000801a0600020000000100000090010000a000000028000000d8ff0401d9ff0501daff0601dbff0701dcff0801ddff0901deff0a01dfff0b01e0ff0c01e1ff0d01e2ff0e01e3ff0f01e4ff1001e5ff1101e6ff1201e7ff1301e8ff1401e9ff1501eaff1601ebff1701ecff1801edff1901eeff1a01efff1b01f0ff1c01f1ff1d01f2ff1e01f3ff1f01f4ff2001f5ff2101f6ff2201f7ff2301f8ff2401f9ff2501faff2601fbff2701fcff2801fdff2901feff2a01ffff2b011196


aa550209e0001a0000007b000000010000000100000002000000050000000700000069000000801a0600020000000100000090010000c80000002800000000002c0100002d0101002e0102002f01030030010400310105003201060033010700340108003501090036010a0037010b0038010c0039010d003a010e003b010f003c0110003d0111003e0112003f01130040011400410115004201160043011700440118004501190046011a0047011b0048011c0049011d004a011e004b011f004c0120004d0121004e0122004f0123005001240051012500520126005301451b


aa550209e0001b0000007b000000010000000100000002000000050000000700000069000000801a0600020000000100000090010000f0000000280000002700540128005501290056012a0057012b0058012c0059012d005a012e005b012f005c0130005d0131005e0132005f01330060013400610135006201360063013700640138006501390066013a0067013b0068013c0069013d006a013e006b013f006c0140006d0141006e0142006f01430070014400710145007201460073014700740148007501490076014a0077014b0078014c0079014d007a014e007b01c6f9


aa550209e0001c0000007b000000010000000100000002000000050000000700000069000000801a060002000000010000009001000018010000280000004f007c0150007d0151007e0152007f01530080015400810155008201560083015700840158008501590086015a0087015b0088015c0089015d008a015e008b015f008c0160008d0161008e0162008f01630090016400910165009201660093016700940168009501690096016a0097016b0098016c0099016d009a016e009b016f009c0170009d0171009e0172009f017300a0017400a1017500a2017600a3016018


aa550209e0001d0000007b000000010000000100000002000000050000000700000069000000801a060002000000010000009001000040010000280000007700a4017800a5017900a6017a00a7017b00a8017c00a9017d00aa017e00ab017f00ac018000ad018100ae018200af018300b0018400b1018500b2018600b3018700b4018800b5018900b6018a00b7018b00b8018c00b9018d00ba018e00bb018f00bc019000bd019100be019200bf019300c0019400c1019500c2019600c3019700c4019800c5019900c6019a00c7019b00c8019c00c9019d00ca019e00cb0173be


aa550209e0001e0000007b000000010000000100000002000000050000000700000069000000801a060002000000010000009001000068010000280000009f00cc01a000cd01a100ce01a200cf01a300d001a400d101a500d201a600d301a700d401a800d501a900d601aa00d701ab00d801ac00d901ad00da01ae00db01af00dc01b000dd01b100de01b200df01b300e001b400e101b500e201b600e301b700e401b800e501b900e601ba00e701bb00e801bc00e901bd00ea01be00eb01bf00ec01c000ed01c100ee01c200ef01c300f001c400f101c500f201c600f30125e9


aa550209e0001f0000007b00000001000000010000000300000006000000070000006a00000000530700020000000100000090010000000000002800000038ff640039ff65003aff66003bff67003cff68003dff69003eff6a003fff6b0040ff6c0041ff6d0042ff6e0043ff6f0044ff700045ff710046ff720047ff730048ff740049ff75004aff76004bff77004cff78004dff79004eff7a004fff7b0050ff7c0051ff7d0052ff7e0053ff7f0054ff800055ff810056ff820057ff830058ff840059ff85005aff86005bff87005cff88005dff89005eff8a005fff8b00a720


aa550209e000200000007b00000001000000010000000300000006000000070000006a00000000530700020000000100000090010000280000002800000060ff8c0061ff8d0062ff8e0063ff8f0064ff900065ff910066ff920067ff930068ff940069ff95006aff96006bff97006cff98006dff99006eff9a006fff9b0070ff9c0071ff9d0072ff9e0073ff9f0074ffa00075ffa10076ffa20077ffa30078ffa40079ffa5007affa6007bffa7007cffa8007dffa9007effaa007fffab0080ffac0081ffad0082ffae0083ffaf0084ffb00085ffb10086ffb20087ffb3006384


aa550209e000210000007b00000001000000010000000300000006000000070000006a00000000530700020000000100000090010000500000002800000088ffb40089ffb5008affb6008bffb7008cffb8008dffb9008effba008fffbb0090ffbc0091ffbd0092ffbe0093ffbf0094ffc00095ffc10096ffc20097ffc30098ffc40099ffc5009affc6009bffc7009cffc8009dffc9009effca009fffcb00a0ffcc00a1ffcd00a2ffce00a3ffcf00a4ffd000a5ffd100a6ffd200a7ffd300a8ffd400a9ffd500aaffd600abffd700acffd800adffd900aeffda00afffdb0024e6


aa550209e000220000007b00000001000000010000000300000006000000070000006a000000005307000200000001000000900100007800000028000000b0ffdc00b1ffdd00b2ffde00b3ffdf00b4ffe000b5ffe100b6ffe200b7ffe300b8ffe400b9ffe500baffe600bbffe700bcffe800bdffe900beffea00bfffeb00c0ffec00c1ffed00c2ffee00c3ffef00c4fff000c5fff100c6fff200c7fff300c8fff400c9fff500cafff600cbfff700ccfff800cdfff900cefffa00cffffb00d0fffc00d1fffd00d2fffe00d3ffff00d4ff0001d5ff0101d6ff0201d7ff030100a8


aa550209e000230000007b00000001000000010000000300000006000000070000006a00000000530700020000000100000090010000a000000028000000d8ff0401d9ff0501daff0601dbff0701dcff0801ddff0901deff0a01dfff0b01e0ff0c01e1ff0d01e2ff0e01e3ff0f01e4ff1001e5ff1101e6ff1201e7ff1301e8ff1401e9ff1501eaff1601ebff1701ecff1801edff1901eeff1a01efff1b01f0ff1c01f1ff1d01f2ff1e01f3ff1f01f4ff2001f5ff2101f6ff2201f7ff2301f8ff2401f9ff2501faff2601fbff2701fcff2801fdff2901feff2a01ffff2b017cef


aa550209e000240000007b00000001000000010000000300000006000000070000006a00000000530700020000000100000090010000c80000002800000000002c0100002d0101002e0102002f01030030010400310105003201060033010700340108003501090036010a0037010b0038010c0039010d003a010e003b010f003c0110003d0111003e0112003f01130040011400410115004201160043011700440118004501190046011a0047011b0048011c0049011d004a011e004b011f004c0120004d0121004e0122004f0123005001240051012500520126005301e28b


aa550209e000250000007b00000001000000010000000300000006000000070000006a00000000530700020000000100000090010000f0000000280000002700540128005501290056012a0057012b0058012c0059012d005a012e005b012f005c0130005d0131005e0132005f01330060013400610135006201360063013700640138006501390066013a0067013b0068013c0069013d006a013e006b013f006c0140006d0141006e0142006f01430070014400710145007201460073014700740148007501490076014a0077014b0078014c0079014d007a014e007b016169


aa550209e000260000007b00000001000000010000000300000006000000070000006a0000000053070002000000010000009001000018010000280000004f007c0150007d0151007e0152007f01530080015400810155008201560083015700840158008501590086015a0087015b0088015c0089015d008a015e008b015f008c0160008d0161008e0162008f01630090016400910165009201660093016700940168009501690096016a0097016b0098016c0099016d009a016e009b016f009c0170009d0171009e0172009f017300a0017400a1017500a2017600a3010d61


aa550209e000270000007b00000001000000010000000300000006000000070000006a0000000053070002000000010000009001000040010000280000007700a4017800a5017900a6017a00a7017b00a8017c00a9017d00aa017e00ab017f00ac018000ad018100ae018200af018300b0018400b1018500b2018600b3018700b4018800b5018900b6018a00b7018b00b8018c00b9018d00ba018e00bb018f00bc019000bd019100be019200bf019300c0019400c1019500c2019600c3019700c4019800c5019900c6019a00c7019b00c8019c00c9019d00ca019e00cb011ec7


aa550209e000280000007b00000001000000010000000300000006000000070000006a0000000053070002000000010000009001000068010000280000009f00cc01a000cd01a100ce01a200cf01a300d001a400d101a500d201a600d301a700d401a800d501a900d601aa00d701ab00d801ac00d901ad00da01ae00db01af00dc01b000dd01b100de01b200df01b300e001b400e101b500e201b600e301b700e401b800e501b900e601ba00e701bb00e801bc00e901bd00ea01be00eb01bf00ec01c000ed01c100ee01c200ef01c300f001c400f101c500f201c600f30137ba




PASS production C -> PC PATH extra and 4-frame/1600-point snapshot, freeze/throttle/retry


V2协商及配置完整，开始正式采集

正式采集结束，正在导出冻结点云（最多12秒）

已保存 D:\OneDrive\Desktop\robocup\tmp\m10p_finalize_temp\tmpm5jjg6g1\capture.bin

V2协商及配置完整，开始正式采集

已保存 D:\OneDrive\Desktop\robocup\tmp\m10p_finalize_temp\tmpstwd7qj1\live.bin

test_fragmented_full_motor_frame_and_raw_float (test_diagnostic_extension.ExtensionTests.test_fragmented_full_motor_frame_and_raw_float) ... ok

test_missing_detail_not_zero_faults_and_malformed_resync (test_diagnostic_extension.ExtensionTests.test_missing_detail_not_zero_faults_and_malformed_resync) ... ok

test_motor_invalid_flags_rejected (test_diagnostic_extension.ExtensionTests.test_motor_invalid_flags_rejected) ... ok

test_pairing_uses_session_control_sequence_and_revision (test_diagnostic_extension.ExtensionTests.test_pairing_uses_session_control_sequence_and_revision) ... ok

test_speed_clipping_excluded_from_mean (test_diagnostic_extension.ExtensionTests.test_speed_clipping_excluded_from_mean) ... ok

test_unknown_schema_rejected (test_diagnostic_extension.ExtensionTests.test_unknown_schema_rejected) ... ok

test_fragmented_path_and_csv (test_path_diagnostics.PathDiagnostics.test_fragmented_path_and_csv) ... ok

test_labels_follow_algorithm (test_path_diagnostics.PathDiagnostics.test_labels_follow_algorithm) ... ok

test_new_registry_matches_production (test_path_diagnostics.PathDiagnostics.test_new_registry_matches_production) ... ok

test_schema_size_mismatch_rejected (test_path_diagnostics.PathDiagnostics.test_schema_size_mismatch_rejected) ... ok

test_capture_waits_for_cloud_after_completion_ack (test_path_extra.PathExtraTests.test_capture_waits_for_cloud_after_completion_ack) ... ok

test_complete_out_of_order_and_identical_repeat (test_path_extra.PathExtraTests.test_complete_out_of_order_and_identical_repeat) ... ok

test_conflicting_point_and_empty_frame (test_path_extra.PathExtraTests.test_conflicting_point_and_empty_frame) ... ok

test_malformed_cloud_and_extra (test_path_extra.PathExtraTests.test_malformed_cloud_and_extra) ... ok

test_missing_and_conflicting_metadata (test_path_extra.PathExtraTests.test_missing_and_conflicting_metadata) ... ok

test_demo_end_to_end (test_telemetry.TelemetryTests.test_demo_end_to_end) ... ok

test_encoding (test_telemetry.TelemetryTests.test_encoding) ... ok

test_gui_capture_resets_session (test_telemetry.TelemetryTests.test_gui_capture_resets_session) ... ok

test_legacy_has_no_measured_rate (test_telemetry.TelemetryTests.test_legacy_has_no_measured_rate) ... ok

test_real_time_bytes_and_split_frame (test_telemetry.TelemetryTests.test_real_time_bytes_and_split_frame) ... ok

test_target_changes (test_telemetry.TelemetryTests.test_target_changes) ... ok

test_vofa_nan_does_not_become_tail (test_telemetry.TelemetryTests.test_vofa_nan_does_not_become_tail) ... ok

test_bytewise_and_invalid_mask (test_v2.V2Tests.test_bytewise_and_invalid_mask) ... ok

test_capture_cli_serial_roundtrip (test_v2.V2Tests.test_capture_cli_serial_roundtrip) ... ok

test_configs_cross_tlv_and_event (test_v2.V2Tests.test_configs_cross_tlv_and_event) ... ok

test_corruption_resync (test_v2.V2Tests.test_corruption_resync) ... ok

test_crc_and_lengths (test_v2.V2Tests.test_crc_and_lengths) ... ok

test_crc_protects_sequence_and_reserved_bits (test_v2.V2Tests.test_crc_protects_sequence_and_reserved_bits) ... ok

test_handshake_requires_ack_and_config (test_v2.V2Tests.test_handshake_requires_ack_and_config) ... ok

test_info_after_default_vofa (test_v2.V2Tests.test_info_after_default_vofa) ... ok

test_report_and_csv (test_v2.V2Tests.test_report_and_csv) ... ok

test_time_wrap_session_and_duplicates (test_v2.V2Tests.test_time_wrap_session_and_duplicates) ... ok

test_unknown_type_and_missing_sequence (test_v2.V2Tests.test_unknown_type_and_missing_sequence) ... ok



----------------------------------------------------------------------

Ran 33 tests in 1.035s



OK


DIAG_BUILD_ID=sha256-56cc49700ac7056e

Traceback (most recent call last):

  File "D:\OneDrive\Desktop\robocup\2-LXY传承\LXY传承-m10p\test\build_m10p.py", line 37, in <module>

    proc = subprocess.run(cmd, capture_output=True)

           ^^^^^^^^^^^^^^^^^^^^^^^^^^^^^^^^^^^^^^^^

  File "D:\anaconda3\anaconda3\Lib\subprocess.py", line 548, in run

    with Popen(*popenargs, **kwargs) as process:

         ^^^^^^^^^^^^^^^^^^^^^^^^^^^

  File "D:\anaconda3\anaconda3\Lib\subprocess.py", line 1026, in __init__

    self._execute_child(args, executable, preexec_fn, close_fds,

  File "D:\anaconda3\anaconda3\Lib\subprocess.py", line 1538, in _execute_child

    hp, ht, pid, tid = _winapi.CreateProcess(executable, args,

                       ^^^^^^^^^^^^^^^^^^^^^^^^^^^^^^^^^^^^^^^

OSError: [WinError 623] {无效的系统 DLL 重定位}


系统 DLL %hs 在内存中重定位。应用程序将不能正常运行。


由于 DLL %hs 占用了为 Windows 系统 DLL 保存的地址范围而产生了错误。应当与提供该 DLL 的供应商联系以得到新的 DLL。


