Component: ARM Compiler 5.06 update 5 (build 528) Tool: armlink [4d35e2]

==============================================================================

Memory Map of the image

  Image Entry point : 0x08000189

  Load Region LR_IROM1 (Base: 0x08000000, Size: 0x00008c28, Max: 0x00080000, ABSOLUTE, COMPRESSED[0x00008ac0])

    Execution Region ER_IROM1 (Base: 0x08000000, Size: 0x00008a84, Max: 0x00080000, ABSOLUTE)

    Base Addr    Size         Type   Attr      Idx    E Section Name        Object

    0x08000000   0x00000188   Data   RO          316    RESET               startup_stm32f40_41xxx.o
    0x08000188   0x00000000   Code   RO         6351  * .ARM.Collect$$$$00000000  mc_w.l(entry.o)
    0x08000188   0x00000004   Code   RO         6651    .ARM.Collect$$$$00000001  mc_w.l(entry2.o)
    0x0800018c   0x00000004   Code   RO         6654    .ARM.Collect$$$$00000004  mc_w.l(entry5.o)
    0x08000190   0x00000000   Code   RO         6656    .ARM.Collect$$$$00000008  mc_w.l(entry7b.o)
    0x08000190   0x00000000   Code   RO         6658    .ARM.Collect$$$$0000000A  mc_w.l(entry8b.o)
    0x08000190   0x00000008   Code   RO         6659    .ARM.Collect$$$$0000000B  mc_w.l(entry9a.o)
    0x08000198   0x00000000   Code   RO         6661    .ARM.Collect$$$$0000000D  mc_w.l(entry10a.o)
    0x08000198   0x00000000   Code   RO         6663    .ARM.Collect$$$$0000000F  mc_w.l(entry11a.o)
    0x08000198   0x00000004   Code   RO         6652    .ARM.Collect$$$$00002712  mc_w.l(entry2.o)
    0x0800019c   0x00000024   Code   RO          317    .text               startup_stm32f40_41xxx.o
    0x080001c0   0x00000078   Code   RO         6180    .text               arm_cortexM4lf_math.lib(arm_cos_f32.o)
    0x08000238   0x00000094   Code   RO         6230    .text               arm_cortexM4lf_math.lib(arm_sin_f32.o)
    0x080002cc   0x00000040   Code   RO         6356    .text               mc_w.l(memmovea.o)
    0x0800030c   0x00000024   Code   RO         6358    .text               mc_w.l(memseta.o)
    0x08000330   0x00000014   Code   RO         6360    .text               mc_w.l(strchr.o)
    0x08000344   0x0000000e   Code   RO         6362    .text               mc_w.l(strlen.o)
    0x08000352   0x0000001c   Code   RO         6364    .text               mc_w.l(strcmp.o)
    0x0800036e   0x0000001e   Code   RO         6366    .text               mc_w.l(strncmp.o)
    0x0800038c   0x00000070   Code   RO         6633    .text               mc_w.l(strtol.o)
    0x080003fc   0x0000014e   Code   RO         6637    .text               mf_w.l(dadd.o)
    0x0800054a   0x000000de   Code   RO         6639    .text               mf_w.l(ddiv.o)
    0x08000628   0x0000003e   Code   RO         6641    .text               mf_w.l(dfixi.o)
    0x08000666   0x00000026   Code   RO         6643    .text               mf_w.l(f2d.o)
    0x0800068c   0x00000030   Code   RO         6645    .text               mf_w.l(cdcmple.o)
    0x080006bc   0x00000030   Code   RO         6647    .text               mf_w.l(cdrcmple.o)
    0x080006ec   0x00000038   Code   RO         6649    .text               mf_w.l(d2f.o)
    0x08000724   0x0000002c   Code   RO         6665    .text               mc_w.l(uidiv.o)
    0x08000750   0x00000062   Code   RO         6667    .text               mc_w.l(uldiv.o)
    0x080007b2   0x0000001e   Code   RO         6669    .text               mc_w.l(llshl.o)
    0x080007d0   0x00000020   Code   RO         6671    .text               mc_w.l(llushr.o)
    0x080007f0   0x00000024   Code   RO         6673    .text               mc_w.l(llsshr.o)
    0x08000814   0x00000008   Code   RO         6675    .text               mc_w.l(ctype_o.o)
    0x0800081c   0x0000009e   Code   RO         6710    .text               mc_w.l(_strtoul.o)
    0x080008ba   0x00000000   Code   RO         6712    .text               mc_w.l(iusefp.o)
    0x080008ba   0x0000006e   Code   RO         6713    .text               mf_w.l(fepilogue.o)
    0x08000928   0x000000ba   Code   RO         6715    .text               mf_w.l(depilogue.o)
    0x080009e2   0x000000e4   Code   RO         6717    .text               mf_w.l(dmul.o)
    0x08000ac6   0x00000030   Code   RO         6721    .text               mf_w.l(dfixul.o)
    0x08000af6   0x00000002   PAD
    0x08000af8   0x00000024   Code   RO         6723    .text               mc_w.l(init.o)
    0x08000b1c   0x0000001c   Code   RO         6725    .text               mc_w.l(_chval.o)
    0x08000b38   0x00000056   Code   RO         6735    .text               mc_w.l(__dczerorl2.o)
    0x08000b8e   0x00000002   PAD
    0x08000b90   0x00000064   Code   RO         5534    i.BLE_FlushPending  ble_tx.o
    0x08000bf4   0x00000038   Code   RO         5535    i.BLE_FreeCritical  ble_tx.o
    0x08000c2c   0x00000038   Code   RO         5536    i.BLE_NormalSpace   ble_tx.o
    0x08000c64   0x000000e0   Code   RO         5537    i.BLE_Queue         ble_tx.o
    0x08000d44   0x00000140   Code   RO         5592    i.BLE_Tune_Process  ble_tune.o
    0x08000e84   0x000000bc   Code   RO         5593    i.BLE_Tune_Telemetry  ble_tune.o
    0x08000f40   0x00000094   Code   RO         5538    i.BLE_TxIRQ         ble_tx.o
    0x08000fd4   0x0000010c   Code   RO         5539    i.BLE_TxPoll        ble_tx.o
    0x080010e0   0x0000001a   Code   RO         5222    i.BLE_send_String   bsp_bluetooth.o
    0x080010fa   0x00000002   PAD
    0x080010fc   0x00000110   Code   RO         5223    i.Bluetooth_GPIO_Init  bsp_bluetooth.o
    0x0800120c   0x00000034   Code   RO         5224    i.Bluetooth_Init    bsp_bluetooth.o
    0x08001240   0x00000044   Code   RO         5225    i.Bluetooth_Link_Gpio_Init  bsp_bluetooth.o
    0x08001284   0x00000050   Code   RO         5226    i.Bluetooth_Mode    bsp_bluetooth.o
    0x080012d4   0x00000004   Code   RO          205    i.BusFault_Handler  stm32f4xx_it.o
    0x080012d8   0x00000014   Code   RO         5227    i.Clear_BLERX_BUFF  bsp_bluetooth.o
    0x080012ec   0x00000040   Code   RO         5955    i.DIR_Init          moto.o
    0x0800132c   0x00000074   Code   RO         5162    i.DMA1_Stream5_IRQHandler  DMA.o
    0x080013a0   0x00000034   Code   RO         1441    i.DMA_ClearFlag     stm32f4xx_dma.o
    0x080013d4   0x00000016   Code   RO         1443    i.DMA_Cmd           stm32f4xx_dma.o
    0x080013ea   0x00000002   PAD
    0x080013ec   0x00000158   Code   RO         1444    i.DMA_DeInit        stm32f4xx_dma.o
    0x08001544   0x00000014   Code   RO         1448    i.DMA_GetCmdStatus  stm32f4xx_dma.o
    0x08001558   0x00000044   Code   RO         1452    i.DMA_GetFlagStatus  stm32f4xx_dma.o
    0x0800159c   0x0000003a   Code   RO         1454    i.DMA_ITConfig      stm32f4xx_dma.o
    0x080015d6   0x00000002   PAD
    0x080015d8   0x00000058   Code   RO         1455    i.DMA_Init          stm32f4xx_dma.o
    0x08001630   0x000000a0   Code   RO         5163    i.DMA_Initializes   DMA.o
    0x080016d0   0x00000004   Code   RO         1458    i.DMA_SetCurrDataCounter  stm32f4xx_dma.o
    0x080016d4   0x00000002   Code   RO          206    i.DebugMon_Handler  stm32f4xx_it.o
    0x080016d6   0x00000002   PAD
    0x080016d8   0x00000054   Code   RO         5315    i.Diag_Begin        ble_diag.o
    0x0800172c   0x00000048   Code   RO         5316    i.Diag_CRC          ble_diag.o
    0x08001774   0x0000024c   Code   RO         5317    i.Diag_Command      ble_diag.o
    0x080019c0   0x00000044   Code   RO         5318    i.Diag_ConfigStart  ble_diag.o
    0x08001a04   0x000001d8   Code   RO         5319    i.Diag_Encode       ble_diag.o
    0x08001bdc   0x0000004c   Code   RO         5320    i.Diag_Field        ble_diag.o
    0x08001c28   0x0000004c   Code   RO         5321    i.Diag_Finalize     ble_diag.o
    0x08001c74   0x00000094   Code   RO         5322    i.Diag_Fit          ble_diag.o
    0x08001d08   0x0000002c   Code   RO         5323    i.Diag_HeldField    ble_diag.o
    0x08001d34   0x00000058   Code   RO         5324    i.Diag_Init         ble_diag.o
    0x08001d8c   0x0000002c   Code   RO         5325    i.Diag_InputDone    ble_diag.o
    0x08001db8   0x00000124   Code   RO         5326    i.Diag_MotorTick    ble_diag.o
    0x08001edc   0x0000006c   Code   RO         5327    i.Diag_Parameter    ble_diag.o
    0x08001f48   0x00000218   Code   RO         5328    i.Diag_Poll         ble_diag.o
    0x08002160   0x000000b8   Code   RO         5329    i.Diag_RadarPacket  ble_diag.o
    0x08002218   0x00000028   Code   RO         5330    i.Diag_Reject       ble_diag.o
    0x08002240   0x000003dc   Code   RO         5331    i.Diag_Submit       ble_diag.o
    0x0800261c   0x0000000e   Code   RO         5332    i.Diag_TimeMs       ble_diag.o
    0x0800262a   0x0000001e   Code   RO         5333    i.Diag_TimeUs       ble_diag.o
    0x08002648   0x00000008   Code   RO         5956    i.Encoder_Init      moto.o
    0x08002650   0x00000090   Code   RO         2046    i.GPIO_Init         stm32f4xx_gpio.o
    0x080026e0   0x00000046   Code   RO         2047    i.GPIO_PinAFConfig  stm32f4xx_gpio.o
    0x08002726   0x00000012   Code   RO         2050    i.GPIO_ReadInputDataBit  stm32f4xx_gpio.o
    0x08002738   0x00000004   Code   RO         2053    i.GPIO_ResetBits    stm32f4xx_gpio.o
    0x0800273c   0x00000004   Code   RO         2054    i.GPIO_SetBits      stm32f4xx_gpio.o
    0x08002740   0x00000012   Code   RO         2055    i.GPIO_StructInit   stm32f4xx_gpio.o
    0x08002752   0x00000002   PAD
    0x08002754   0x0000000c   Code   RO         5228    i.Get_Bluetooth_ConnectFlag  bsp_bluetooth.o
    0x08002760   0x000000ec   Code   RO         5957    i.Get_Encoder       moto.o
    0x0800284c   0x00000004   Code   RO          207    i.HardFault_Handler  stm32f4xx_it.o
    0x08002850   0x000002a0   Code   RO         5648    i.LEIDA_DATA_HANDLE1  LEIDA_DATA.o
    0x08002af0   0x000001f8   Code   RO         5649    i.LEIDA_DATA_HANDLE10  LEIDA_DATA.o
    0x08002ce8   0x000000d0   Code   RO         5650    i.LEIDA_DATA_HANDLE11  LEIDA_DATA.o
    0x08002db8   0x00000098   Code   RO         5653    i.LEIDA_DATA_HANDLE2  LEIDA_DATA.o
    0x08002e50   0x00000054   Code   RO         5655    i.LEIDA_DATA_HANDLE3_2  LEIDA_DATA.o
    0x08002ea4   0x00000358   Code   RO         5656    i.LEIDA_DATA_HANDLE4  LEIDA_DATA.o
    0x080031fc   0x000004a0   Code   RO         5657    i.LEIDA_DATA_HANDLE5  LEIDA_DATA.o
    0x0800369c   0x000001bc   Code   RO         5658    i.LEIDA_DATA_HANDLE5_2  LEIDA_DATA.o
    0x08003858   0x00000108   Code   RO         5659    i.LEIDA_DATA_HANDLE6  LEIDA_DATA.o
    0x08003960   0x00000128   Code   RO         5660    i.LEIDA_DATA_HANDLE7  LEIDA_DATA.o
    0x08003a88   0x000001ec   Code   RO         5661    i.LEIDA_DATA_HANDLE8  LEIDA_DATA.o
    0x08003c74   0x000001f0   Code   RO         5662    i.LEIDA_DATA_HANDLE9  LEIDA_DATA.o
    0x08003e64   0x000001e4   Code   RO         5663    i.LEIDA_Distance    LEIDA_DATA.o
    0x08004048   0x0000000c   Code   RO         5664    i.LEIDA_ParserReset  LEIDA_DATA.o
    0x08004054   0x00000004   Code   RO          208    i.MemManage_Handler  stm32f4xx_it.o
    0x08004058   0x000008a4   Code   RO         5801    i.Midline_PD_Calculate  CENTRE_LINE.o
    0x080048fc   0x00000038   Code   RO         5802    i.Midline_PD_Init   CENTRE_LINE.o
    0x08004934   0x00000014   Code   RO         5803    i.Midline_PD_Reset  CENTRE_LINE.o
    0x08004948   0x000001e0   Code   RO         5804    i.Midline_fit       CENTRE_LINE.o
    0x08004b28   0x00000018   Code   RO         5958    i.Moto_Init         moto.o
    0x08004b40   0x00000010   Code   RO         5959    i.Moto_Speed        moto.o
    0x08004b50   0x00000002   Code   RO          209    i.NMI_Handler       stm32f4xx_it.o
    0x08004b52   0x00000002   PAD
    0x08004b54   0x00000078   Code   RO          323    i.NVIC_Init         misc.o
    0x08004bcc   0x00000014   Code   RO          324    i.NVIC_PriorityGroupConfig  misc.o
    0x08004be0   0x000000d4   Code   RO         5805    i.PID_realize       CENTRE_LINE.o
    0x08004cb4   0x000000a4   Code   RO         6029    i.PWM_Init_leida    PWM.o
    0x08004d58   0x00000014   Code   RO         6030    i.PWM_SetCompare_leida  PWM.o
    0x08004d6c   0x00000002   Code   RO          210    i.PendSV_Handler    stm32f4xx_it.o
    0x08004d6e   0x00000002   PAD
    0x08004d70   0x00000020   Code   RO         2910    i.RCC_AHB1PeriphClockCmd  stm32f4xx_rcc.o
    0x08004d90   0x00000020   Code   RO         2919    i.RCC_APB1PeriphClockCmd  stm32f4xx_rcc.o
    0x08004db0   0x00000020   Code   RO         2921    i.RCC_APB1PeriphResetCmd  stm32f4xx_rcc.o
    0x08004dd0   0x00000020   Code   RO         2922    i.RCC_APB2PeriphClockCmd  stm32f4xx_rcc.o
    0x08004df0   0x00000020   Code   RO         2924    i.RCC_APB2PeriphResetCmd  stm32f4xx_rcc.o
    0x08004e10   0x000000e8   Code   RO         2931    i.RCC_GetClocksFreq  stm32f4xx_rcc.o
    0x08004ef8   0x00000034   Code   RO         5903    i.Radar_ControlCompleted  timer.o
    0x08004f2c   0x00000048   Code   RO         5904    i.Radar_GuardTick   timer.o
    0x08004f74   0x00000002   Code   RO          211    i.SVC_Handler       stm32f4xx_it.o
    0x08004f76   0x00000002   PAD
    0x08004f78   0x0000001c   Code   RO         5230    i.Send_Bluetooth_Data  bsp_bluetooth.o
    0x08004f94   0x00000014   Code   RO         6003    i.Servo_ChangePwm   Servo.o
    0x08004fa8   0x00000014   Code   RO         6004    i.Servo_Init        Servo.o
    0x08004fbc   0x000000ec   Code   RO          279    i.SetSysClock       system_stm32f4xx.o
    0x080050a8   0x00000024   Code   RO         5807    i.Speed_PID_Init    CENTRE_LINE.o
    0x080050cc   0x00000028   Code   RO          327    i.SysTick_CLKSourceConfig  misc.o
    0x080050f4   0x00000002   Code   RO          212    i.SysTick_Handler   stm32f4xx_it.o
    0x080050f6   0x00000002   PAD
    0x080050f8   0x00000068   Code   RO          281    i.SystemInit        system_stm32f4xx.o
    0x08005160   0x0000003a   Code   RO         4241    i.TI1_Config        stm32f4xx_tim.o
    0x0800519a   0x00000050   Code   RO         4242    i.TI2_Config        stm32f4xx_tim.o
    0x080051ea   0x00000048   Code   RO         4243    i.TI3_Config        stm32f4xx_tim.o
    0x08005232   0x00000050   Code   RO         4244    i.TI4_Config        stm32f4xx_tim.o
    0x08005282   0x00000002   PAD
    0x08005284   0x000000a0   Code   RO         6032    i.TIM2_PWM_Init     PWM.o
    0x08005324   0x000000a0   Code   RO         6034    i.TIM3_PWM_Init     PWM.o
    0x080053c4   0x000000b8   Code   RO         6035    i.TIM4_PWM_Init     PWM.o
    0x0800547c   0x000000b0   Code   RO         5906    i.TIM5_IRQHandler   timer.o
    0x0800552c   0x0000005c   Code   RO         5907    i.TIM5_Int_Init     timer.o
    0x08005588   0x00000024   Code   RO         5334    i.TIM6_DAC_IRQHandler  ble_diag.o
    0x080055ac   0x00000018   Code   RO         4245    i.TIM_ARRPreloadConfig  stm32f4xx_tim.o
    0x080055c4   0x00000006   Code   RO         4252    i.TIM_ClearITPendingBit  stm32f4xx_tim.o
    0x080055ca   0x00000018   Code   RO         4257    i.TIM_Cmd           stm32f4xx_tim.o
    0x080055e2   0x00000042   Code   RO         4266    i.TIM_EncoderInterfaceConfig  stm32f4xx_tim.o
    0x08005624   0x00000006   Code   RO         4276    i.TIM_GetCounter    stm32f4xx_tim.o
    0x0800562a   0x00000022   Code   RO         4278    i.TIM_GetITStatus   stm32f4xx_tim.o
    0x0800564c   0x0000006e   Code   RO         4280    i.TIM_ICInit        stm32f4xx_tim.o
    0x080056ba   0x00000012   Code   RO         4281    i.TIM_ICStructInit  stm32f4xx_tim.o
    0x080056cc   0x00000012   Code   RO         4282    i.TIM_ITConfig      stm32f4xx_tim.o
    0x080056de   0x00000002   PAD
    0x080056e0   0x0000007c   Code   RO         4286    i.TIM_OC1Init       stm32f4xx_tim.o
    0x0800575c   0x00000012   Code   RO         4289    i.TIM_OC1PreloadConfig  stm32f4xx_tim.o
    0x0800576e   0x00000004   Code   RO         4319    i.TIM_SetCompare1   stm32f4xx_tim.o
    0x08005772   0x00000004   Code   RO         4323    i.TIM_SetCounter    stm32f4xx_tim.o
    0x08005776   0x00000012   Code   RO         4324    i.TIM_SetIC1Prescaler  stm32f4xx_tim.o
    0x08005788   0x0000001a   Code   RO         4325    i.TIM_SetIC2Prescaler  stm32f4xx_tim.o
    0x080057a2   0x00000012   Code   RO         4326    i.TIM_SetIC3Prescaler  stm32f4xx_tim.o
    0x080057b4   0x0000001a   Code   RO         4327    i.TIM_SetIC4Prescaler  stm32f4xx_tim.o
    0x080057ce   0x00000002   PAD
    0x080057d0   0x00000084   Code   RO         4329    i.TIM_TimeBaseInit  stm32f4xx_tim.o
    0x08005854   0x0000023c   Code   RO         5594    i.Tune_ApplyOne     ble_tune.o
    0x08005a90   0x00000028   Code   RO         5595    i.Tune_ConfigValue  ble_tune.o
    0x08005ab8   0x00000090   Code   RO         5596    i.Tune_GetPoll      ble_tune.o
    0x08005b48   0x0000000c   Code   RO         5597    i.Tune_SendAll      ble_tune.o
    0x08005b54   0x000000d0   Code   RO         5808    i.TurnGuard_Apply   CENTRE_LINE.o
    0x08005c24   0x000000a8   Code   RO         5231    i.USART6_IRQHandler  bsp_bluetooth.o
    0x08005ccc   0x00000012   Code   RO         4803    i.USART_ClearFlag   stm32f4xx_usart.o
    0x08005cde   0x00000018   Code   RO         4807    i.USART_Cmd         stm32f4xx_usart.o
    0x08005cf6   0x00000012   Code   RO         4808    i.USART_DMACmd      stm32f4xx_usart.o
    0x08005d08   0x000000f0   Code   RO         4809    i.USART_DeInit      stm32f4xx_usart.o
    0x08005df8   0x00000054   Code   RO         4811    i.USART_GetITStatus  stm32f4xx_usart.o
    0x08005e4c   0x0000004a   Code   RO         4813    i.USART_ITConfig    stm32f4xx_usart.o
    0x08005e96   0x00000002   PAD
    0x08005e98   0x000000d4   Code   RO         4814    i.USART_Init        stm32f4xx_usart.o
    0x08005f6c   0x00000008   Code   RO         4824    i.USART_SendData    stm32f4xx_usart.o
    0x08005f74   0x00000018   Code   RO         4830    i.USART_StructInit  stm32f4xx_usart.o
    0x08005f8c   0x00000004   Code   RO          213    i.UsageFault_Handler  stm32f4xx_it.o
    0x08005f90   0x00000020   Code   RO         6605    i.__0printf         mc_w.l(printfa.o)
    0x08005fb0   0x00000028   Code   RO         6607    i.__0sprintf        mc_w.l(printfa.o)
    0x08005fd8   0x00000008   Code   RO         6703    i.__aeabi_errno_addr  mc_w.l(errno.o)
    0x08005fe0   0x00000006   Code   RO         5335    i.__get_PRIMASK     ble_diag.o
    0x08005fe6   0x00000014   Code   RO         6333    i.__hardfp_fabs     m_wm.l(fabs.o)
    0x08005ffa   0x0000000e   Code   RO         6729    i.__scatterload_copy  mc_w.l(handlers.o)
    0x08006008   0x00000002   Code   RO         6730    i.__scatterload_null  mc_w.l(handlers.o)
    0x0800600a   0x0000000e   Code   RO         6731    i.__scatterload_zeroinit  mc_w.l(handlers.o)
    0x08006018   0x00000006   Code   RO         5336    i.__set_PRIMASK     ble_diag.o
    0x0800601e   0x00000002   PAD
    0x08006020   0x00000184   Code   RO         6612    i._fp_digits        mc_w.l(printfa.o)
    0x080061a4   0x000006dc   Code   RO         6613    i._printf_core      mc_w.l(printfa.o)
    0x08006880   0x00000024   Code   RO         6614    i._printf_post_padding  mc_w.l(printfa.o)
    0x080068a4   0x0000002e   Code   RO         6615    i._printf_pre_padding  mc_w.l(printfa.o)
    0x080068d2   0x0000000a   Code   RO         6617    i._sputc            mc_w.l(printfa.o)
    0x080068dc   0x00000040   Code   RO         5337    i.clock_read        ble_diag.o
    0x0800691c   0x000001b8   Code   RO         5338    i.config_poll       ble_diag.o
    0x08006ad4   0x0000003c   Code   RO         5053    i.delay_init        delay.o
    0x08006b10   0x000000c8   Code   RO         5339    i.detail_submit     ble_diag.o
    0x08006bd8   0x00000078   Code   RO         5340    i.event             ble_diag.o
    0x08006c50   0x0000001c   Code   RO         5112    i.fputc             usart.o
    0x08006c6c   0x00000040   Code   RO         5341    i.header            ble_diag.o
    0x08006cac   0x00000c64   Code   RO            3    i.main              main.o
    0x08007910   0x000001d0   Code   RO         5342    i.motor_poll        ble_diag.o
    0x08007ae0   0x00000024   Code   RO         5343    i.motor_reset       ble_diag.o
    0x08007b04   0x0000004c   Code   RO         5344    i.number            ble_diag.o
    0x08007b50   0x0000002c   Code   RO         5811    i.pd_reject         CENTRE_LINE.o
    0x08007b7c   0x00000008   Code   RO         5345    i.put16             ble_diag.o
    0x08007b84   0x00000018   Code   RO         5346    i.put32             ble_diag.o
    0x08007b9c   0x00000066   Code   RO         5668    i.reverse           LEIDA_DATA.o
    0x08007c02   0x00000002   PAD
    0x08007c04   0x00000078   Code   RO         5347    i.text_event        ble_diag.o
    0x08007c7c   0x00000026   Code   RO         5812    i.turn_direction    CENTRE_LINE.o
    0x08007ca2   0x0000001e   Code   RO         5813    i.turn_rank         CENTRE_LINE.o
    0x08007cc0   0x00000098   Code   RO         5113    i.uart2_init        usart.o
    0x08007d58   0x00000090   Code   RO         5114    i.uart3_init        usart.o
    0x08007de8   0x00000090   Code   RO         5115    i.uart_init         usart.o
    0x08007e78   0x00000034   Data   RO         5349    .constdata          ble_diag.o
    0x08007eac   0x00000120   Data   RO         5599    .constdata          ble_tune.o
    0x08007fcc   0x00000804   Data   RO         6310    .constdata          arm_cortexM4lf_math.lib(arm_common_tables.o)
    0x080087d0   0x00000081   Data   RO         6676    .constdata          mc_w.l(ctype_o.o)
    0x08008851   0x00000003   PAD
    0x08008854   0x00000004   Data   RO         6677    .constdata          mc_w.l(ctype_o.o)
    0x08008858   0x0000013f   Data   RO         5350    .conststring        ble_diag.o
    0x08008997   0x00000001   PAD
    0x08008998   0x000000cb   Data   RO         5600    .conststring        ble_tune.o
    0x08008a63   0x00000001   PAD
    0x08008a64   0x00000020   Data   RO         6727    Region$$Table       anon$$obj.o


    Execution Region RW_IRAM1 (Base: 0x20000000, Size: 0x0000bde8, Max: 0x00020000, ABSOLUTE, COMPRESSED[0x0000003c])

    Base Addr    Size         Type   Attr      Idx    E Section Name        Object

    0x20000000   0x00000024   Data   RW            5    .data               main.o
    0x20000024   0x00000010   Data   RW         2963    .data               stm32f4xx_rcc.o
    0x20000034   0x00000004   Data   RW         5057    .data               delay.o
    0x20000038   0x00000004   Data   RW         5116    .data               usart.o
    0x2000003c   0x00000002   Data   RW         5165    .data               DMA.o
    0x2000003e   0x00000004   Data   RW         5233    .data               bsp_bluetooth.o
    0x20000042   0x00000002   PAD
    0x20000044   0x00000088   Data   RW         5351    .data               ble_diag.o
    0x200000cc   0x0000000d   Data   RW         5541    .data               ble_tx.o
    0x200000d9   0x00000003   Data   RW         5601    .data               ble_tune.o
    0x200000dc   0x0000003d   Data   RW         5670    .data               LEIDA_DATA.o
    0x20000119   0x00000003   PAD
    0x2000011c   0x00000060   Data   RW         5815    .data               CENTRE_LINE.o
    0x2000017c   0x00000010   Data   RW         5908    .data               timer.o
    0x2000018c   0x00000012   Data   RW         5961    .data               moto.o
    0x2000019e   0x00000002   PAD
    0x200001a0   0x00000004   Data   RW         6706    .data               mc_w.l(errno.o)
    0x200001a4   0x00000714   Zero   RW            4    .bss                main.o
    0x200008b8   0x00000e0c   Zero   RW         5164    .bss                DMA.o
    0x200016c4   0x000000c8   Zero   RW         5232    .bss                bsp_bluetooth.o
    0x2000178c   0x00000b48   Zero   RW         5348    .bss                ble_diag.o
    0x200022d4   0x00000630   Zero   RW         5540    .bss                ble_tx.o
    0x20002904   0x000000c8   Zero   RW         5598    .bss                ble_tune.o
    0x200029cc   0x00008370   Zero   RW         5669    .bss                LEIDA_DATA.o
    0x2000ad3c   0x0000009c   Zero   RW         5814    .bss                CENTRE_LINE.o
    0x2000add8   0x0000000a   Zero   RW         5960    .bss                moto.o
    0x2000ade2   0x00000006   PAD
    0x2000ade8   0x00001000   Zero   RW          314    STACK               startup_stm32f40_41xxx.o


==============================================================================

Image component sizes


      Code (inc. data)   RO Data    RW Data    ZI Data      Debug   Object Name

      3336        250          0         96        156      13939   CENTRE_LINE.o
       276         44          0          2       3596       2214   DMA.o
      6250        376          0         61      33648      20147   LEIDA_DATA.o
       688         38          0          0          0       3908   PWM.o
        40          6          0          0          0       1291   Servo.o
      5616        970        371        136       2888      29989   ble_diag.o
      1276        240        491          3        200       6815   ble_tune.o
       852         92          0         13       1584       5316   ble_tx.o
       726         98          0          4        200       6886   bsp_bluetooth.o
        60          8          0          4          0        809   delay.o
      3172        508          0         36       1812     305572   main.o
       180         24          0          0          0       2337   misc.o
       348         40          0         18         10       4076   moto.o
        36          8        392          0       4096        904   startup_stm32f40_41xxx.o
       656         54          0          0          0       6793   stm32f4xx_dma.o
       258          0          0          0          0       4473   stm32f4xx_gpio.o
        26          0          0          0          0       4674   stm32f4xx_it.o
       392         48          0         16          0       6205   stm32f4xx_rcc.o
       966         38          0          0          0      15767   stm32f4xx_tim.o
       702         42          0          0          0       7226   stm32f4xx_usart.o
       340         32          0          0          0       1737   system_stm32f4xx.o
       392         70          0         16          0       4236   timer.o
       468         34          0          4          0       4792   usart.o

    ----------------------------------------------------------------------
     27086       3020       1288        416      48196     460106   Object Totals
         0          0         32          0          0          0   (incl. Generated)
        30          0          2          7          6          0   (incl. Padding)

    ----------------------------------------------------------------------

      Code (inc. data)   RO Data    RW Data    ZI Data      Debug   Library Member Name

         0          0       2052          0          0       4704   arm_common_tables.o
       120         12          0          0          0      17170   arm_cos_f32.o
       148         18          0          0          0        814   arm_sin_f32.o
        20          0          0          0          0        124   fabs.o
        86          0          0          0          0          0   __dczerorl2.o
        28          0          0          0          0         68   _chval.o
       158          0          0          0          0         92   _strtoul.o
         8          4        133          0          0         68   ctype_o.o
         0          0          0          0          0          0   entry.o
         0          0          0          0          0          0   entry10a.o
         0          0          0          0          0          0   entry11a.o
         8          4          0          0          0          0   entry2.o
         4          0          0          0          0          0   entry5.o
         0          0          0          0          0          0   entry7b.o
         0          0          0          0          0          0   entry8b.o
         8          4          0          0          0          0   entry9a.o
         8          4          0          4          0         68   errno.o
        30          0          0          0          0          0   handlers.o
        36          8          0          0          0         68   init.o
         0          0          0          0          0          0   iusefp.o
        30          0          0          0          0         68   llshl.o
        36          0          0          0          0         68   llsshr.o
        32          0          0          0          0         68   llushr.o
        64          0          0          0          0         76   memmovea.o
        36          0          0          0          0        108   memseta.o
      2308         96          0          0          0        604   printfa.o
        20          0          0          0          0         68   strchr.o
        28          0          0          0          0         76   strcmp.o
        14          0          0          0          0         68   strlen.o
        30          0          0          0          0         80   strncmp.o
       112          0          0          0          0         88   strtol.o
        44          0          0          0          0         80   uidiv.o
        98          0          0          0          0         92   uldiv.o
        48          0          0          0          0         68   cdcmple.o
        48          0          0          0          0         68   cdrcmple.o
        56          0          0          0          0         88   d2f.o
       334          0          0          0          0        148   dadd.o
       222          0          0          0          0        100   ddiv.o
       186          0          0          0          0        176   depilogue.o
        62          0          0          0          0         80   dfixi.o
        48          0          0          0          0         68   dfixul.o
       228          0          0          0          0         96   dmul.o
        38          0          0          0          0         68   f2d.o
       110          0          0          0          0        168   fepilogue.o

    ----------------------------------------------------------------------
      4898        150       2188          4          0      25848   Library Totals
         4          0          3          0          0          0   (incl. Padding)

    ----------------------------------------------------------------------

      Code (inc. data)   RO Data    RW Data    ZI Data      Debug   Library Name

       268         30       2052          0          0      22688   arm_cortexM4lf_math.lib
        20          0          0          0          0        124   m_wm.l
      3226        120        133          4          0       1908   mc_w.l
      1380          0          0          0          0       1128   mf_w.l

    ----------------------------------------------------------------------
      4898        150       2188          4          0      25848   Library Totals

    ----------------------------------------------------------------------

==============================================================================


      Code (inc. data)   RO Data    RW Data    ZI Data      Debug   

     31984       3170       3476        420      48196     468726   Grand Totals
     31984       3170       3476         60      48196     468726   ELF Image Totals (compressed)
     31984       3170       3476         60          0          0   ROM Totals

==============================================================================

    Total RO  Size (Code + RO Data)                35460 (  34.63kB)
    Total RW  Size (RW Data + ZI Data)             48616 (  47.48kB)
    Total ROM Size (Code + RO Data + RW Data)      35520 (  34.69kB)

==============================================================================

