Component: ARM Compiler 5.06 update 5 (build 528) Tool: armlink [4d35e2]

==============================================================================

Memory Map of the image

  Image Entry point : 0x08000189

  Load Region LR_IROM1 (Base: 0x08000000, Size: 0x00008e84, Max: 0x00080000, ABSOLUTE, COMPRESSED[0x00008d40])

    Execution Region ER_IROM1 (Base: 0x08000000, Size: 0x00008d04, Max: 0x00080000, ABSOLUTE)

    Base Addr    Size         Type   Attr      Idx    E Section Name        Object

    0x08000000   0x00000188   Data   RO          315    RESET               startup_stm32f40_41xxx.o
    0x08000188   0x00000000   Code   RO         6277  * .ARM.Collect$$$$00000000  mc_w.l(entry.o)
    0x08000188   0x00000004   Code   RO         6583    .ARM.Collect$$$$00000001  mc_w.l(entry2.o)
    0x0800018c   0x00000004   Code   RO         6586    .ARM.Collect$$$$00000004  mc_w.l(entry5.o)
    0x08000190   0x00000000   Code   RO         6588    .ARM.Collect$$$$00000008  mc_w.l(entry7b.o)
    0x08000190   0x00000000   Code   RO         6590    .ARM.Collect$$$$0000000A  mc_w.l(entry8b.o)
    0x08000190   0x00000008   Code   RO         6591    .ARM.Collect$$$$0000000B  mc_w.l(entry9a.o)
    0x08000198   0x00000000   Code   RO         6593    .ARM.Collect$$$$0000000D  mc_w.l(entry10a.o)
    0x08000198   0x00000000   Code   RO         6595    .ARM.Collect$$$$0000000F  mc_w.l(entry11a.o)
    0x08000198   0x00000004   Code   RO         6584    .ARM.Collect$$$$00002712  mc_w.l(entry2.o)
    0x0800019c   0x00000024   Code   RO          316    .text               startup_stm32f40_41xxx.o
    0x080001c0   0x00000078   Code   RO         6106    .text               arm_cortexM4lf_math.lib(arm_cos_f32.o)
    0x08000238   0x00000094   Code   RO         6156    .text               arm_cortexM4lf_math.lib(arm_sin_f32.o)
    0x080002cc   0x00000040   Code   RO         6282    .text               mc_w.l(memmovea.o)
    0x0800030c   0x00000024   Code   RO         6284    .text               mc_w.l(memseta.o)
    0x08000330   0x00000014   Code   RO         6286    .text               mc_w.l(strchr.o)
    0x08000344   0x0000000e   Code   RO         6288    .text               mc_w.l(strlen.o)
    0x08000352   0x0000001c   Code   RO         6290    .text               mc_w.l(strcmp.o)
    0x0800036e   0x0000001e   Code   RO         6292    .text               mc_w.l(strncmp.o)
    0x0800038c   0x00000070   Code   RO         6559    .text               mc_w.l(strtol.o)
    0x080003fc   0x0000014e   Code   RO         6563    .text               mf_w.l(dadd.o)
    0x0800054a   0x000000e4   Code   RO         6565    .text               mf_w.l(dmul.o)
    0x0800062e   0x000000de   Code   RO         6567    .text               mf_w.l(ddiv.o)
    0x0800070c   0x0000001a   Code   RO         6569    .text               mf_w.l(dfltui.o)
    0x08000726   0x0000003e   Code   RO         6571    .text               mf_w.l(dfixi.o)
    0x08000764   0x00000032   Code   RO         6573    .text               mf_w.l(dfixui.o)
    0x08000796   0x00000026   Code   RO         6575    .text               mf_w.l(f2d.o)
    0x080007bc   0x00000030   Code   RO         6577    .text               mf_w.l(cdcmple.o)
    0x080007ec   0x00000030   Code   RO         6579    .text               mf_w.l(cdrcmple.o)
    0x0800081c   0x00000038   Code   RO         6581    .text               mf_w.l(d2f.o)
    0x08000854   0x0000002c   Code   RO         6597    .text               mc_w.l(uidiv.o)
    0x08000880   0x00000062   Code   RO         6599    .text               mc_w.l(uldiv.o)
    0x080008e2   0x0000001e   Code   RO         6601    .text               mc_w.l(llshl.o)
    0x08000900   0x00000020   Code   RO         6603    .text               mc_w.l(llushr.o)
    0x08000920   0x00000024   Code   RO         6605    .text               mc_w.l(llsshr.o)
    0x08000944   0x00000008   Code   RO         6607    .text               mc_w.l(ctype_o.o)
    0x0800094c   0x0000009e   Code   RO         6642    .text               mc_w.l(_strtoul.o)
    0x080009ea   0x00000000   Code   RO         6644    .text               mc_w.l(iusefp.o)
    0x080009ea   0x0000006e   Code   RO         6645    .text               mf_w.l(fepilogue.o)
    0x08000a58   0x000000ba   Code   RO         6647    .text               mf_w.l(depilogue.o)
    0x08000b12   0x00000030   Code   RO         6651    .text               mf_w.l(dfixul.o)
    0x08000b42   0x00000002   PAD
    0x08000b44   0x00000024   Code   RO         6653    .text               mc_w.l(init.o)
    0x08000b68   0x0000001c   Code   RO         6655    .text               mc_w.l(_chval.o)
    0x08000b84   0x00000056   Code   RO         6665    .text               mc_w.l(__dczerorl2.o)
    0x08000bda   0x00000002   PAD
    0x08000bdc   0x00000064   Code   RO         5500    i.BLE_FlushPending  ble_tx.o
    0x08000c40   0x00000038   Code   RO         5501    i.BLE_FreeCritical  ble_tx.o
    0x08000c78   0x00000038   Code   RO         5502    i.BLE_NormalSpace   ble_tx.o
    0x08000cb0   0x000000e0   Code   RO         5503    i.BLE_Queue         ble_tx.o
    0x08000d90   0x00000140   Code   RO         5558    i.BLE_Tune_Process  ble_tune.o
    0x08000ed0   0x000000bc   Code   RO         5559    i.BLE_Tune_Telemetry  ble_tune.o
    0x08000f8c   0x00000094   Code   RO         5504    i.BLE_TxIRQ         ble_tx.o
    0x08001020   0x0000010c   Code   RO         5505    i.BLE_TxPoll        ble_tx.o
    0x0800112c   0x0000001a   Code   RO         5221    i.BLE_send_String   bsp_bluetooth.o
    0x08001146   0x00000002   PAD
    0x08001148   0x00000110   Code   RO         5222    i.Bluetooth_GPIO_Init  bsp_bluetooth.o
    0x08001258   0x00000034   Code   RO         5223    i.Bluetooth_Init    bsp_bluetooth.o
    0x0800128c   0x00000044   Code   RO         5224    i.Bluetooth_Link_Gpio_Init  bsp_bluetooth.o
    0x080012d0   0x00000050   Code   RO         5225    i.Bluetooth_Mode    bsp_bluetooth.o
    0x08001320   0x00000004   Code   RO          204    i.BusFault_Handler  stm32f4xx_it.o
    0x08001324   0x00000014   Code   RO         5226    i.Clear_BLERX_BUFF  bsp_bluetooth.o
    0x08001338   0x00000040   Code   RO         5881    i.DIR_Init          moto.o
    0x08001378   0x00000074   Code   RO         5161    i.DMA1_Stream5_IRQHandler  DMA.o
    0x080013ec   0x00000034   Code   RO         1440    i.DMA_ClearFlag     stm32f4xx_dma.o
    0x08001420   0x00000016   Code   RO         1442    i.DMA_Cmd           stm32f4xx_dma.o
    0x08001436   0x00000002   PAD
    0x08001438   0x00000158   Code   RO         1443    i.DMA_DeInit        stm32f4xx_dma.o
    0x08001590   0x00000014   Code   RO         1447    i.DMA_GetCmdStatus  stm32f4xx_dma.o
    0x080015a4   0x00000044   Code   RO         1451    i.DMA_GetFlagStatus  stm32f4xx_dma.o
    0x080015e8   0x0000003a   Code   RO         1453    i.DMA_ITConfig      stm32f4xx_dma.o
    0x08001622   0x00000002   PAD
    0x08001624   0x00000058   Code   RO         1454    i.DMA_Init          stm32f4xx_dma.o
    0x0800167c   0x000000a0   Code   RO         5162    i.DMA_Initializes   DMA.o
    0x0800171c   0x00000004   Code   RO         1457    i.DMA_SetCurrDataCounter  stm32f4xx_dma.o
    0x08001720   0x00000002   Code   RO          205    i.DebugMon_Handler  stm32f4xx_it.o
    0x08001722   0x00000002   PAD
    0x08001724   0x0000003c   Code   RO         5314    i.Diag_Begin        ble_diag.o
    0x08001760   0x00000048   Code   RO         5315    i.Diag_CRC          ble_diag.o
    0x080017a8   0x00000244   Code   RO         5316    i.Diag_Command      ble_diag.o
    0x080019ec   0x00000044   Code   RO         5317    i.Diag_ConfigStart  ble_diag.o
    0x08001a30   0x000001d8   Code   RO         5318    i.Diag_Encode       ble_diag.o
    0x08001c08   0x0000004c   Code   RO         5319    i.Diag_Field        ble_diag.o
    0x08001c54   0x0000004c   Code   RO         5320    i.Diag_Finalize     ble_diag.o
    0x08001ca0   0x00000094   Code   RO         5321    i.Diag_Fit          ble_diag.o
    0x08001d34   0x00000058   Code   RO         5322    i.Diag_Init         ble_diag.o
    0x08001d8c   0x0000002c   Code   RO         5323    i.Diag_InputDone    ble_diag.o
    0x08001db8   0x0000006c   Code   RO         5324    i.Diag_Parameter    ble_diag.o
    0x08001e24   0x00000218   Code   RO         5325    i.Diag_Poll         ble_diag.o
    0x0800203c   0x00000028   Code   RO         5326    i.Diag_Reject       ble_diag.o
    0x08002064   0x00000354   Code   RO         5327    i.Diag_Submit       ble_diag.o
    0x080023b8   0x0000000e   Code   RO         5328    i.Diag_TimeMs       ble_diag.o
    0x080023c6   0x0000001e   Code   RO         5329    i.Diag_TimeUs       ble_diag.o
    0x080023e4   0x00000008   Code   RO         5882    i.Encoder_Init      moto.o
    0x080023ec   0x00000090   Code   RO         2045    i.GPIO_Init         stm32f4xx_gpio.o
    0x0800247c   0x00000046   Code   RO         2046    i.GPIO_PinAFConfig  stm32f4xx_gpio.o
    0x080024c2   0x00000012   Code   RO         2049    i.GPIO_ReadInputDataBit  stm32f4xx_gpio.o
    0x080024d4   0x00000004   Code   RO         2052    i.GPIO_ResetBits    stm32f4xx_gpio.o
    0x080024d8   0x00000004   Code   RO         2053    i.GPIO_SetBits      stm32f4xx_gpio.o
    0x080024dc   0x00000012   Code   RO         2054    i.GPIO_StructInit   stm32f4xx_gpio.o
    0x080024ee   0x00000002   PAD
    0x080024f0   0x0000000c   Code   RO         5227    i.Get_Bluetooth_ConnectFlag  bsp_bluetooth.o
    0x080024fc   0x000000d4   Code   RO         5883    i.Get_Encoder       moto.o
    0x080025d0   0x00000004   Code   RO          206    i.HardFault_Handler  stm32f4xx_it.o
    0x080025d4   0x00000350   Code   RO         5614    i.LEIDA_DATA_HANDLE1  LEIDA_DATA.o
    0x08002924   0x00000244   Code   RO         5615    i.LEIDA_DATA_HANDLE10  LEIDA_DATA.o
    0x08002b68   0x000001b8   Code   RO         5616    i.LEIDA_DATA_HANDLE11  LEIDA_DATA.o
    0x08002d20   0x00000098   Code   RO         5619    i.LEIDA_DATA_HANDLE2  LEIDA_DATA.o
    0x08002db8   0x00000058   Code   RO         5621    i.LEIDA_DATA_HANDLE3_2  LEIDA_DATA.o
    0x08002e10   0x000005bc   Code   RO         5622    i.LEIDA_DATA_HANDLE4  LEIDA_DATA.o
    0x080033cc   0x0000048c   Code   RO         5623    i.LEIDA_DATA_HANDLE5  LEIDA_DATA.o
    0x08003858   0x000001bc   Code   RO         5624    i.LEIDA_DATA_HANDLE5_2  LEIDA_DATA.o
    0x08003a14   0x00000108   Code   RO         5625    i.LEIDA_DATA_HANDLE6  LEIDA_DATA.o
    0x08003b1c   0x00000128   Code   RO         5626    i.LEIDA_DATA_HANDLE7  LEIDA_DATA.o
    0x08003c44   0x000001ec   Code   RO         5627    i.LEIDA_DATA_HANDLE8  LEIDA_DATA.o
    0x08003e30   0x000001f0   Code   RO         5628    i.LEIDA_DATA_HANDLE9  LEIDA_DATA.o
    0x08004020   0x000001e4   Code   RO         5629    i.LEIDA_Distance    LEIDA_DATA.o
    0x08004204   0x00000004   Code   RO          207    i.MemManage_Handler  stm32f4xx_it.o
    0x08004208   0x000004f8   Code   RO         5760    i.Midline_PD        CENTRE_LINE.o
    0x08004700   0x00000030   Code   RO         5761    i.Midline_PD_Init   CENTRE_LINE.o
    0x08004730   0x00000158   Code   RO         5762    i.Midline_fit       CENTRE_LINE.o
    0x08004888   0x00000018   Code   RO         5884    i.Moto_Init         moto.o
    0x080048a0   0x00000010   Code   RO         5885    i.Moto_Speed        moto.o
    0x080048b0   0x00000002   Code   RO          208    i.NMI_Handler       stm32f4xx_it.o
    0x080048b2   0x00000002   PAD
    0x080048b4   0x00000078   Code   RO          322    i.NVIC_Init         misc.o
    0x0800492c   0x00000014   Code   RO          323    i.NVIC_PriorityGroupConfig  misc.o
    0x08004940   0x000000d4   Code   RO         5763    i.PID_realize       CENTRE_LINE.o
    0x08004a14   0x000000a4   Code   RO         5955    i.PWM_Init_leida    PWM.o
    0x08004ab8   0x00000014   Code   RO         5956    i.PWM_SetCompare_leida  PWM.o
    0x08004acc   0x00000002   Code   RO          209    i.PendSV_Handler    stm32f4xx_it.o
    0x08004ace   0x00000002   PAD
    0x08004ad0   0x00000020   Code   RO         2909    i.RCC_AHB1PeriphClockCmd  stm32f4xx_rcc.o
    0x08004af0   0x00000020   Code   RO         2918    i.RCC_APB1PeriphClockCmd  stm32f4xx_rcc.o
    0x08004b10   0x00000020   Code   RO         2920    i.RCC_APB1PeriphResetCmd  stm32f4xx_rcc.o
    0x08004b30   0x00000020   Code   RO         2921    i.RCC_APB2PeriphClockCmd  stm32f4xx_rcc.o
    0x08004b50   0x00000020   Code   RO         2923    i.RCC_APB2PeriphResetCmd  stm32f4xx_rcc.o
    0x08004b70   0x000000e8   Code   RO         2930    i.RCC_GetClocksFreq  stm32f4xx_rcc.o
    0x08004c58   0x00000034   Code   RO         5830    i.Radar_ControlCompleted  timer.o
    0x08004c8c   0x00000048   Code   RO         5831    i.Radar_GuardTick   timer.o
    0x08004cd4   0x00000002   Code   RO          210    i.SVC_Handler       stm32f4xx_it.o
    0x08004cd6   0x00000002   PAD
    0x08004cd8   0x0000001c   Code   RO         5229    i.Send_Bluetooth_Data  bsp_bluetooth.o
    0x08004cf4   0x00000014   Code   RO         5929    i.Servo_ChangePwm   Servo.o
    0x08004d08   0x00000014   Code   RO         5930    i.Servo_Init        Servo.o
    0x08004d1c   0x000000ec   Code   RO          278    i.SetSysClock       system_stm32f4xx.o
    0x08004e08   0x00000024   Code   RO         5765    i.Speed_PID_Init    CENTRE_LINE.o
    0x08004e2c   0x00000028   Code   RO          326    i.SysTick_CLKSourceConfig  misc.o
    0x08004e54   0x00000002   Code   RO          211    i.SysTick_Handler   stm32f4xx_it.o
    0x08004e56   0x00000002   PAD
    0x08004e58   0x00000068   Code   RO          280    i.SystemInit        system_stm32f4xx.o
    0x08004ec0   0x0000003a   Code   RO         4240    i.TI1_Config        stm32f4xx_tim.o
    0x08004efa   0x00000050   Code   RO         4241    i.TI2_Config        stm32f4xx_tim.o
    0x08004f4a   0x00000048   Code   RO         4242    i.TI3_Config        stm32f4xx_tim.o
    0x08004f92   0x00000050   Code   RO         4243    i.TI4_Config        stm32f4xx_tim.o
    0x08004fe2   0x00000002   PAD
    0x08004fe4   0x000000a0   Code   RO         5958    i.TIM2_PWM_Init     PWM.o
    0x08005084   0x000000a0   Code   RO         5960    i.TIM3_PWM_Init     PWM.o
    0x08005124   0x000000b8   Code   RO         5961    i.TIM4_PWM_Init     PWM.o
    0x080051dc   0x00000094   Code   RO         5833    i.TIM5_IRQHandler   timer.o
    0x08005270   0x0000005c   Code   RO         5834    i.TIM5_Int_Init     timer.o
    0x080052cc   0x00000024   Code   RO         5330    i.TIM6_DAC_IRQHandler  ble_diag.o
    0x080052f0   0x00000018   Code   RO         4244    i.TIM_ARRPreloadConfig  stm32f4xx_tim.o
    0x08005308   0x00000006   Code   RO         4251    i.TIM_ClearITPendingBit  stm32f4xx_tim.o
    0x0800530e   0x00000018   Code   RO         4256    i.TIM_Cmd           stm32f4xx_tim.o
    0x08005326   0x00000042   Code   RO         4265    i.TIM_EncoderInterfaceConfig  stm32f4xx_tim.o
    0x08005368   0x00000006   Code   RO         4275    i.TIM_GetCounter    stm32f4xx_tim.o
    0x0800536e   0x00000022   Code   RO         4277    i.TIM_GetITStatus   stm32f4xx_tim.o
    0x08005390   0x0000006e   Code   RO         4279    i.TIM_ICInit        stm32f4xx_tim.o
    0x080053fe   0x00000012   Code   RO         4280    i.TIM_ICStructInit  stm32f4xx_tim.o
    0x08005410   0x00000012   Code   RO         4281    i.TIM_ITConfig      stm32f4xx_tim.o
    0x08005422   0x00000002   PAD
    0x08005424   0x0000007c   Code   RO         4285    i.TIM_OC1Init       stm32f4xx_tim.o
    0x080054a0   0x00000012   Code   RO         4288    i.TIM_OC1PreloadConfig  stm32f4xx_tim.o
    0x080054b2   0x00000004   Code   RO         4318    i.TIM_SetCompare1   stm32f4xx_tim.o
    0x080054b6   0x00000004   Code   RO         4322    i.TIM_SetCounter    stm32f4xx_tim.o
    0x080054ba   0x00000012   Code   RO         4323    i.TIM_SetIC1Prescaler  stm32f4xx_tim.o
    0x080054cc   0x0000001a   Code   RO         4324    i.TIM_SetIC2Prescaler  stm32f4xx_tim.o
    0x080054e6   0x00000012   Code   RO         4325    i.TIM_SetIC3Prescaler  stm32f4xx_tim.o
    0x080054f8   0x0000001a   Code   RO         4326    i.TIM_SetIC4Prescaler  stm32f4xx_tim.o
    0x08005512   0x00000002   PAD
    0x08005514   0x00000084   Code   RO         4328    i.TIM_TimeBaseInit  stm32f4xx_tim.o
    0x08005598   0x00000234   Code   RO         5560    i.Tune_ApplyOne     ble_tune.o
    0x080057cc   0x00000028   Code   RO         5561    i.Tune_ConfigValue  ble_tune.o
    0x080057f4   0x00000090   Code   RO         5562    i.Tune_GetPoll      ble_tune.o
    0x08005884   0x0000000c   Code   RO         5563    i.Tune_SendAll      ble_tune.o
    0x08005890   0x00000094   Code   RO         5230    i.USART6_IRQHandler  bsp_bluetooth.o
    0x08005924   0x00000012   Code   RO         4802    i.USART_ClearFlag   stm32f4xx_usart.o
    0x08005936   0x00000018   Code   RO         4806    i.USART_Cmd         stm32f4xx_usart.o
    0x0800594e   0x00000012   Code   RO         4807    i.USART_DMACmd      stm32f4xx_usart.o
    0x08005960   0x000000f0   Code   RO         4808    i.USART_DeInit      stm32f4xx_usart.o
    0x08005a50   0x00000054   Code   RO         4810    i.USART_GetITStatus  stm32f4xx_usart.o
    0x08005aa4   0x0000004a   Code   RO         4812    i.USART_ITConfig    stm32f4xx_usart.o
    0x08005aee   0x00000002   PAD
    0x08005af0   0x000000d4   Code   RO         4813    i.USART_Init        stm32f4xx_usart.o
    0x08005bc4   0x00000008   Code   RO         4823    i.USART_SendData    stm32f4xx_usart.o
    0x08005bcc   0x00000018   Code   RO         4829    i.USART_StructInit  stm32f4xx_usart.o
    0x08005be4   0x00000004   Code   RO          212    i.UsageFault_Handler  stm32f4xx_it.o
    0x08005be8   0x00000020   Code   RO         6531    i.__0printf         mc_w.l(printfa.o)
    0x08005c08   0x00000028   Code   RO         6533    i.__0sprintf        mc_w.l(printfa.o)
    0x08005c30   0x00000008   Code   RO         6635    i.__aeabi_errno_addr  mc_w.l(errno.o)
    0x08005c38   0x00000006   Code   RO         5331    i.__get_PRIMASK     ble_diag.o
    0x08005c3e   0x00000014   Code   RO         6259    i.__hardfp_fabs     m_wm.l(fabs.o)
    0x08005c52   0x0000000e   Code   RO         6659    i.__scatterload_copy  mc_w.l(handlers.o)
    0x08005c60   0x00000002   Code   RO         6660    i.__scatterload_null  mc_w.l(handlers.o)
    0x08005c62   0x0000000e   Code   RO         6661    i.__scatterload_zeroinit  mc_w.l(handlers.o)
    0x08005c70   0x00000006   Code   RO         5332    i.__set_PRIMASK     ble_diag.o
    0x08005c76   0x00000002   PAD
    0x08005c78   0x00000184   Code   RO         6538    i._fp_digits        mc_w.l(printfa.o)
    0x08005dfc   0x000006dc   Code   RO         6539    i._printf_core      mc_w.l(printfa.o)
    0x080064d8   0x00000024   Code   RO         6540    i._printf_post_padding  mc_w.l(printfa.o)
    0x080064fc   0x0000002e   Code   RO         6541    i._printf_pre_padding  mc_w.l(printfa.o)
    0x0800652a   0x0000000a   Code   RO         6543    i._sputc            mc_w.l(printfa.o)
    0x08006534   0x00000040   Code   RO         5333    i.clock_read        ble_diag.o
    0x08006574   0x00000230   Code   RO         5334    i.config_poll       ble_diag.o
    0x080067a4   0x0000003c   Code   RO         5052    i.delay_init        delay.o
    0x080067e0   0x00000078   Code   RO         5335    i.event             ble_diag.o
    0x08006858   0x0000001c   Code   RO         5111    i.fputc             usart.o
    0x08006874   0x00000040   Code   RO         5336    i.header            ble_diag.o
    0x080068b4   0x000015e0   Code   RO            3    i.main              main.o
    0x08007e94   0x0000004c   Code   RO         5337    i.number            ble_diag.o
    0x08007ee0   0x00000008   Code   RO         5338    i.put16             ble_diag.o
    0x08007ee8   0x00000018   Code   RO         5339    i.put32             ble_diag.o
    0x08007f00   0x00000066   Code   RO         5633    i.reverse           LEIDA_DATA.o
    0x08007f66   0x00000002   PAD
    0x08007f68   0x00000078   Code   RO         5340    i.text_event        ble_diag.o
    0x08007fe0   0x00000098   Code   RO         5112    i.uart2_init        usart.o
    0x08008078   0x00000090   Code   RO         5113    i.uart3_init        usart.o
    0x08008108   0x00000090   Code   RO         5114    i.uart_init         usart.o
    0x08008198   0x00000034   Data   RO         5342    .constdata          ble_diag.o
    0x080081cc   0x00000120   Data   RO         5565    .constdata          ble_tune.o
    0x080082ec   0x00000804   Data   RO         6236    .constdata          arm_cortexM4lf_math.lib(arm_common_tables.o)
    0x08008af0   0x00000081   Data   RO         6608    .constdata          mc_w.l(ctype_o.o)
    0x08008b71   0x00000003   PAD
    0x08008b74   0x00000004   Data   RO         6609    .constdata          mc_w.l(ctype_o.o)
    0x08008b78   0x0000009e   Data   RO         5343    .conststring        ble_diag.o
    0x08008c16   0x00000002   PAD
    0x08008c18   0x000000cb   Data   RO         5566    .conststring        ble_tune.o
    0x08008ce3   0x00000001   PAD
    0x08008ce4   0x00000020   Data   RO         6657    Region$$Table       anon$$obj.o


    Execution Region RW_IRAM1 (Base: 0x20000000, Size: 0x0000f7e0, Max: 0x00020000, ABSOLUTE, COMPRESSED[0x0000003c])

    Base Addr    Size         Type   Attr      Idx    E Section Name        Object

    0x20000000   0x00000024   Data   RW            4    .data               main.o
    0x20000024   0x00000010   Data   RW         2962    .data               stm32f4xx_rcc.o
    0x20000034   0x00000004   Data   RW         5056    .data               delay.o
    0x20000038   0x00000004   Data   RW         5115    .data               usart.o
    0x2000003c   0x00000002   Data   RW         5164    .data               DMA.o
    0x2000003e   0x00000004   Data   RW         5232    .data               bsp_bluetooth.o
    0x20000042   0x00000002   PAD
    0x20000044   0x0000006c   Data   RW         5344    .data               ble_diag.o
    0x200000b0   0x0000000d   Data   RW         5507    .data               ble_tx.o
    0x200000bd   0x00000003   Data   RW         5567    .data               ble_tune.o
    0x200000c0   0x0000003c   Data   RW         5635    .data               LEIDA_DATA.o
    0x200000fc   0x00000060   Data   RW         5769    .data               CENTRE_LINE.o
    0x2000015c   0x00000010   Data   RW         5835    .data               timer.o
    0x2000016c   0x00000010   Data   RW         5887    .data               moto.o
    0x2000017c   0x00000004   Data   RW         6638    .data               mc_w.l(errno.o)
    0x20000180   0x00000e0c   Zero   RW         5163    .bss                DMA.o
    0x20000f8c   0x000000c8   Zero   RW         5231    .bss                bsp_bluetooth.o
    0x20001054   0x000001a8   Zero   RW         5341    .bss                ble_diag.o
    0x200011fc   0x00000630   Zero   RW         5506    .bss                ble_tx.o
    0x2000182c   0x000000c8   Zero   RW         5564    .bss                ble_tune.o
    0x200018f4   0x0000ce40   Zero   RW         5634    .bss                LEIDA_DATA.o
    0x2000e734   0x0000009c   Zero   RW         5768    .bss                CENTRE_LINE.o
    0x2000e7d0   0x0000000a   Zero   RW         5886    .bss                moto.o
    0x2000e7da   0x00000006   PAD
    0x2000e7e0   0x00001000   Zero   RW          313    STACK               startup_stm32f40_41xxx.o


==============================================================================

Image component sizes


      Code (inc. data)   RO Data    RW Data    ZI Data      Debug   Object Name

      1912        128          0         96        156       8961   CENTRE_LINE.o
       276         44          0          2       3596       2206   DMA.o
      7318        362          0         60      52800      20117   LEIDA_DATA.o
       688         38          0          0          0       3908   PWM.o
        40          6          0          0          0       1291   Servo.o
      4348        896        210        108        424      24549   ble_diag.o
      1268        238        491          3        200       6807   ble_tune.o
       852         92          0         13       1584       5316   ble_tx.o
       706         98          0          4        200       6870   bsp_bluetooth.o
        60          8          0          4          0        809   delay.o
      5600        596          0         36          0     302136   main.o
       180         24          0          0          0       2337   misc.o
       324         38          0         16         10       3980   moto.o
        36          8        392          0       4096        904   startup_stm32f40_41xxx.o
       656         54          0          0          0       6793   stm32f4xx_dma.o
       258          0          0          0          0       4473   stm32f4xx_gpio.o
        26          0          0          0          0       4674   stm32f4xx_it.o
       392         48          0         16          0       6205   stm32f4xx_rcc.o
       966         38          0          0          0      15767   stm32f4xx_tim.o
       702         42          0          0          0       7226   stm32f4xx_usart.o
       340         32          0          0          0       1737   system_stm32f4xx.o
       364         66          0         16          0       3957   timer.o
       468         34          0          4          0       4792   usart.o

    ----------------------------------------------------------------------
     27810       2890       1128        380      63072     445815   Object Totals
         0          0         32          0          0          0   (incl. Generated)
        30          0          3          2          6          0   (incl. Padding)

    ----------------------------------------------------------------------

      Code (inc. data)   RO Data    RW Data    ZI Data      Debug   Library Member Name

         0          0       2052          0          0       4704   arm_common_tables.o
       120         12          0          0          0      17170   arm_cos_f32.o
       148         18          0          0          0        814   arm_sin_f32.o
        20          0          0          0          0        124   fabs.o
        86          0          0          0          0          0   __dczerorl2.o
        28          0          0          0          0         68   _chval.o
       158          0          0          0          0         92   _strtoul.o
         8          4        133          0          0         68   ctype_o.o
         0          0          0          0          0          0   entry.o
         0          0          0          0          0          0   entry10a.o
         0          0          0          0          0          0   entry11a.o
         8          4          0          0          0          0   entry2.o
         4          0          0          0          0          0   entry5.o
         0          0          0          0          0          0   entry7b.o
         0          0          0          0          0          0   entry8b.o
         8          4          0          0          0          0   entry9a.o
         8          4          0          4          0         68   errno.o
        30          0          0          0          0          0   handlers.o
        36          8          0          0          0         68   init.o
         0          0          0          0          0          0   iusefp.o
        30          0          0          0          0         68   llshl.o
        36          0          0          0          0         68   llsshr.o
        32          0          0          0          0         68   llushr.o
        64          0          0          0          0         76   memmovea.o
        36          0          0          0          0        108   memseta.o
      2308         96          0          0          0        604   printfa.o
        20          0          0          0          0         68   strchr.o
        28          0          0          0          0         76   strcmp.o
        14          0          0          0          0         68   strlen.o
        30          0          0          0          0         80   strncmp.o
       112          0          0          0          0         88   strtol.o
        44          0          0          0          0         80   uidiv.o
        98          0          0          0          0         92   uldiv.o
        48          0          0          0          0         68   cdcmple.o
        48          0          0          0          0         68   cdrcmple.o
        56          0          0          0          0         88   d2f.o
       334          0          0          0          0        148   dadd.o
       222          0          0          0          0        100   ddiv.o
       186          0          0          0          0        176   depilogue.o
        62          0          0          0          0         80   dfixi.o
        50          0          0          0          0         76   dfixui.o
        48          0          0          0          0         68   dfixul.o
        26          0          0          0          0         76   dfltui.o
       228          0          0          0          0         96   dmul.o
        38          0          0          0          0         68   f2d.o
       110          0          0          0          0        168   fepilogue.o

    ----------------------------------------------------------------------
      4974        150       2188          4          0      26000   Library Totals
         4          0          3          0          0          0   (incl. Padding)

    ----------------------------------------------------------------------

      Code (inc. data)   RO Data    RW Data    ZI Data      Debug   Library Name

       268         30       2052          0          0      22688   arm_cortexM4lf_math.lib
        20          0          0          0          0        124   m_wm.l
      3226        120        133          4          0       1908   mc_w.l
      1456          0          0          0          0       1280   mf_w.l

    ----------------------------------------------------------------------
      4974        150       2188          4          0      26000   Library Totals

    ----------------------------------------------------------------------

==============================================================================


      Code (inc. data)   RO Data    RW Data    ZI Data      Debug   

     32784       3040       3316        384      63072     455783   Grand Totals
     32784       3040       3316         60      63072     455783   ELF Image Totals (compressed)
     32784       3040       3316         60          0          0   ROM Totals

==============================================================================

    Total RO  Size (Code + RO Data)                36100 (  35.25kB)
    Total RW  Size (RW Data + ZI Data)             63456 (  61.97kB)
    Total ROM Size (Code + RO Data + RW Data)      36160 (  35.31kB)

==============================================================================

