Component: ARM Compiler 5.06 update 5 (build 528) Tool: armlink [4d35e2]

==============================================================================

Memory Map of the image

  Image Entry point : 0x0800019d

  Load Region LR_IROM1 (Base: 0x08000000, Size: 0x000074c4, Max: 0x00080000, ABSOLUTE)

    Execution Region ER_IROM1 (Base: 0x08000000, Size: 0x000073e0, Max: 0x00080000, ABSOLUTE)

    Base Addr    Size         Type   Attr      Idx    E Section Name        Object

    0x08000000   0x00000188   Data   RO          308    RESET               startup_stm32f40_41xxx.o
    0x08000188   0x00000000   Code   RO         6017  * .ARM.Collect$$$$00000000  mc_w.l(entry.o)
    0x08000188   0x00000004   Code   RO         6317    .ARM.Collect$$$$00000001  mc_w.l(entry2.o)
    0x0800018c   0x00000004   Code   RO         6320    .ARM.Collect$$$$00000004  mc_w.l(entry5.o)
    0x08000190   0x00000000   Code   RO         6322    .ARM.Collect$$$$00000008  mc_w.l(entry7b.o)
    0x08000190   0x00000000   Code   RO         6324    .ARM.Collect$$$$0000000A  mc_w.l(entry8b.o)
    0x08000190   0x00000008   Code   RO         6325    .ARM.Collect$$$$0000000B  mc_w.l(entry9a.o)
    0x08000198   0x00000000   Code   RO         6327    .ARM.Collect$$$$0000000D  mc_w.l(entry10a.o)
    0x08000198   0x00000000   Code   RO         6329    .ARM.Collect$$$$0000000F  mc_w.l(entry11a.o)
    0x08000198   0x00000004   Code   RO         6318    .ARM.Collect$$$$00002712  mc_w.l(entry2.o)
    0x0800019c   0x00000024   Code   RO          309  * .text               startup_stm32f40_41xxx.o
    0x080001c0   0x00000078   Code   RO         5846    .text               arm_cortexM4lf_math.lib(arm_cos_f32.o)
    0x08000238   0x00000094   Code   RO         5896    .text               arm_cortexM4lf_math.lib(arm_sin_f32.o)
    0x080002cc   0x00000040   Code   RO         6022    .text               mc_w.l(memmovea.o)
    0x0800030c   0x00000014   Code   RO         6024    .text               mc_w.l(strchr.o)
    0x08000320   0x0000000e   Code   RO         6026    .text               mc_w.l(strlen.o)
    0x0800032e   0x0000001c   Code   RO         6028    .text               mc_w.l(strcmp.o)
    0x0800034a   0x0000001a   Code   RO         6295    .text               mc_w.l(atoi.o)
    0x08000364   0x0000014e   Code   RO         6297    .text               mf_w.l(dadd.o)
    0x080004b2   0x000000e4   Code   RO         6299    .text               mf_w.l(dmul.o)
    0x08000596   0x000000de   Code   RO         6301    .text               mf_w.l(ddiv.o)
    0x08000674   0x0000001a   Code   RO         6303    .text               mf_w.l(dfltui.o)
    0x0800068e   0x0000003e   Code   RO         6305    .text               mf_w.l(dfixi.o)
    0x080006cc   0x00000032   Code   RO         6307    .text               mf_w.l(dfixui.o)
    0x080006fe   0x00000026   Code   RO         6309    .text               mf_w.l(f2d.o)
    0x08000724   0x00000030   Code   RO         6311    .text               mf_w.l(cdcmple.o)
    0x08000754   0x00000030   Code   RO         6313    .text               mf_w.l(cdrcmple.o)
    0x08000784   0x00000038   Code   RO         6315    .text               mf_w.l(d2f.o)
    0x080007bc   0x0000002c   Code   RO         6331    .text               mc_w.l(uidiv.o)
    0x080007e8   0x00000062   Code   RO         6333    .text               mc_w.l(uldiv.o)
    0x0800084a   0x0000001e   Code   RO         6335    .text               mc_w.l(llshl.o)
    0x08000868   0x00000020   Code   RO         6337    .text               mc_w.l(llushr.o)
    0x08000888   0x00000024   Code   RO         6339    .text               mc_w.l(llsshr.o)
    0x080008ac   0x00000070   Code   RO         6348    .text               mc_w.l(strtol.o)
    0x0800091c   0x00000000   Code   RO         6350    .text               mc_w.l(iusefp.o)
    0x0800091c   0x0000006e   Code   RO         6351    .text               mf_w.l(fepilogue.o)
    0x0800098a   0x000000ba   Code   RO         6353    .text               mf_w.l(depilogue.o)
    0x08000a44   0x00000030   Code   RO         6357    .text               mf_w.l(dfixul.o)
    0x08000a74   0x00000024   Code   RO         6359    .text               mc_w.l(init.o)
    0x08000a98   0x00000008   Code   RO         6361    .text               mc_w.l(ctype_o.o)
    0x08000aa0   0x0000009e   Code   RO         6389    .text               mc_w.l(_strtoul.o)
    0x08000b3e   0x0000001c   Code   RO         6391    .text               mc_w.l(_chval.o)
    0x08000b5a   0x00000002   PAD
    0x08000b5c   0x00000020   Code   RO         5213    i.BLE_Send_Bit      bsp_bluetooth.o
    0x08000b7c   0x000000bc   Code   RO         5307    i.BLE_Tune_Process  ble_tune.o
    0x08000c38   0x00000094   Code   RO         5308    i.BLE_Tune_Telemetry  ble_tune.o
    0x08000ccc   0x00000018   Code   RO         5214    i.BLE_send_String   bsp_bluetooth.o
    0x08000ce4   0x00000110   Code   RO         5215    i.Bluetooth_GPIO_Init  bsp_bluetooth.o
    0x08000df4   0x00000034   Code   RO         5216    i.Bluetooth_Init    bsp_bluetooth.o
    0x08000e28   0x00000044   Code   RO         5217    i.Bluetooth_Link_Gpio_Init  bsp_bluetooth.o
    0x08000e6c   0x00000050   Code   RO         5218    i.Bluetooth_Mode    bsp_bluetooth.o
    0x08000ebc   0x00000004   Code   RO          200    i.BusFault_Handler  stm32f4xx_it.o
    0x08000ec0   0x00000014   Code   RO         5219    i.Clear_BLERX_BUFF  bsp_bluetooth.o
    0x08000ed4   0x00000040   Code   RO         5621    i.DIR_Init          moto.o
    0x08000f14   0x0000005c   Code   RO         5154    i.DMA1_Stream5_IRQHandler  DMA.o
    0x08000f70   0x00000034   Code   RO         1433    i.DMA_ClearFlag     stm32f4xx_dma.o
    0x08000fa4   0x00000016   Code   RO         1435    i.DMA_Cmd           stm32f4xx_dma.o
    0x08000fba   0x00000002   PAD
    0x08000fbc   0x00000158   Code   RO         1436    i.DMA_DeInit        stm32f4xx_dma.o
    0x08001114   0x00000014   Code   RO         1440    i.DMA_GetCmdStatus  stm32f4xx_dma.o
    0x08001128   0x00000044   Code   RO         1444    i.DMA_GetFlagStatus  stm32f4xx_dma.o
    0x0800116c   0x0000003a   Code   RO         1446    i.DMA_ITConfig      stm32f4xx_dma.o
    0x080011a6   0x00000002   PAD
    0x080011a8   0x00000058   Code   RO         1447    i.DMA_Init          stm32f4xx_dma.o
    0x08001200   0x000000a0   Code   RO         5155    i.DMA_Initializes   DMA.o
    0x080012a0   0x00000004   Code   RO         1450    i.DMA_SetCurrDataCounter  stm32f4xx_dma.o
    0x080012a4   0x00000002   Code   RO          201    i.DebugMon_Handler  stm32f4xx_it.o
    0x080012a6   0x00000008   Code   RO         5622    i.Encoder_Init      moto.o
    0x080012ae   0x00000090   Code   RO         2038    i.GPIO_Init         stm32f4xx_gpio.o
    0x0800133e   0x00000046   Code   RO         2039    i.GPIO_PinAFConfig  stm32f4xx_gpio.o
    0x08001384   0x00000012   Code   RO         2042    i.GPIO_ReadInputDataBit  stm32f4xx_gpio.o
    0x08001396   0x00000004   Code   RO         2045    i.GPIO_ResetBits    stm32f4xx_gpio.o
    0x0800139a   0x00000004   Code   RO         2046    i.GPIO_SetBits      stm32f4xx_gpio.o
    0x0800139e   0x00000012   Code   RO         2047    i.GPIO_StructInit   stm32f4xx_gpio.o
    0x080013b0   0x0000000c   Code   RO         5220    i.Get_Bluetooth_ConnectFlag  bsp_bluetooth.o
    0x080013bc   0x000000d4   Code   RO         5623    i.Get_Encoder       moto.o
    0x08001490   0x00000004   Code   RO          202    i.HardFault_Handler  stm32f4xx_it.o
    0x08001494   0x0000023c   Code   RO         5366    i.LEIDA_DATA_HANDLE1  LEIDA_DATA.o
    0x080016d0   0x00000244   Code   RO         5367    i.LEIDA_DATA_HANDLE10  LEIDA_DATA.o
    0x08001914   0x000001b8   Code   RO         5368    i.LEIDA_DATA_HANDLE11  LEIDA_DATA.o
    0x08001acc   0x00000098   Code   RO         5371    i.LEIDA_DATA_HANDLE2  LEIDA_DATA.o
    0x08001b64   0x00000058   Code   RO         5373    i.LEIDA_DATA_HANDLE3_2  LEIDA_DATA.o
    0x08001bbc   0x000005bc   Code   RO         5374    i.LEIDA_DATA_HANDLE4  LEIDA_DATA.o
    0x08002178   0x0000048c   Code   RO         5375    i.LEIDA_DATA_HANDLE5  LEIDA_DATA.o
    0x08002604   0x000001bc   Code   RO         5376    i.LEIDA_DATA_HANDLE5_2  LEIDA_DATA.o
    0x080027c0   0x00000108   Code   RO         5377    i.LEIDA_DATA_HANDLE6  LEIDA_DATA.o
    0x080028c8   0x00000128   Code   RO         5378    i.LEIDA_DATA_HANDLE7  LEIDA_DATA.o
    0x080029f0   0x000001ec   Code   RO         5379    i.LEIDA_DATA_HANDLE8  LEIDA_DATA.o
    0x08002bdc   0x000001f0   Code   RO         5380    i.LEIDA_DATA_HANDLE9  LEIDA_DATA.o
    0x08002dcc   0x000001e4   Code   RO         5381    i.LEIDA_Distance    LEIDA_DATA.o
    0x08002fb0   0x00000004   Code   RO          203    i.MemManage_Handler  stm32f4xx_it.o
    0x08002fb4   0x000005e8   Code   RO         5512    i.Midline_PD        CENTRE_LINE.o
    0x0800359c   0x00000030   Code   RO         5513    i.Midline_PD_Init   CENTRE_LINE.o
    0x080035cc   0x00000120   Code   RO         5514    i.Midline_fit       CENTRE_LINE.o
    0x080036ec   0x00000018   Code   RO         5624    i.Moto_Init         moto.o
    0x08003704   0x00000010   Code   RO         5625    i.Moto_Speed        moto.o
    0x08003714   0x00000002   Code   RO          204    i.NMI_Handler       stm32f4xx_it.o
    0x08003716   0x00000002   PAD
    0x08003718   0x00000078   Code   RO          315    i.NVIC_Init         misc.o
    0x08003790   0x00000014   Code   RO          316    i.NVIC_PriorityGroupConfig  misc.o
    0x080037a4   0x000000d4   Code   RO         5515    i.PID_realize       CENTRE_LINE.o
    0x08003878   0x000000a4   Code   RO         5695    i.PWM_Init_leida    PWM.o
    0x0800391c   0x00000014   Code   RO         5696    i.PWM_SetCompare_leida  PWM.o
    0x08003930   0x00000002   Code   RO          205    i.PendSV_Handler    stm32f4xx_it.o
    0x08003932   0x00000002   PAD
    0x08003934   0x00000020   Code   RO         2902    i.RCC_AHB1PeriphClockCmd  stm32f4xx_rcc.o
    0x08003954   0x00000020   Code   RO         2911    i.RCC_APB1PeriphClockCmd  stm32f4xx_rcc.o
    0x08003974   0x00000020   Code   RO         2913    i.RCC_APB1PeriphResetCmd  stm32f4xx_rcc.o
    0x08003994   0x00000020   Code   RO         2914    i.RCC_APB2PeriphClockCmd  stm32f4xx_rcc.o
    0x080039b4   0x00000020   Code   RO         2916    i.RCC_APB2PeriphResetCmd  stm32f4xx_rcc.o
    0x080039d4   0x000000e8   Code   RO         2923    i.RCC_GetClocksFreq  stm32f4xx_rcc.o
    0x08003abc   0x00000002   Code   RO          206    i.SVC_Handler       stm32f4xx_it.o
    0x08003abe   0x00000002   PAD
    0x08003ac0   0x0000001c   Code   RO         5222    i.Send_Bluetooth_Data  bsp_bluetooth.o
    0x08003adc   0x00000014   Code   RO         5669    i.Servo_ChangePwm   Servo.o
    0x08003af0   0x00000014   Code   RO         5670    i.Servo_Init        Servo.o
    0x08003b04   0x000000ec   Code   RO          271    i.SetSysClock       system_stm32f4xx.o
    0x08003bf0   0x00000024   Code   RO         5517    i.Speed_PID_Init    CENTRE_LINE.o
    0x08003c14   0x00000028   Code   RO          319    i.SysTick_CLKSourceConfig  misc.o
    0x08003c3c   0x00000002   Code   RO          207    i.SysTick_Handler   stm32f4xx_it.o
    0x08003c3e   0x00000002   PAD
    0x08003c40   0x00000068   Code   RO          273    i.SystemInit        system_stm32f4xx.o
    0x08003ca8   0x0000003a   Code   RO         4233    i.TI1_Config        stm32f4xx_tim.o
    0x08003ce2   0x00000050   Code   RO         4234    i.TI2_Config        stm32f4xx_tim.o
    0x08003d32   0x00000048   Code   RO         4235    i.TI3_Config        stm32f4xx_tim.o
    0x08003d7a   0x00000050   Code   RO         4236    i.TI4_Config        stm32f4xx_tim.o
    0x08003dca   0x00000002   PAD
    0x08003dcc   0x000000a0   Code   RO         5698    i.TIM2_PWM_Init     PWM.o
    0x08003e6c   0x000000a0   Code   RO         5700    i.TIM3_PWM_Init     PWM.o
    0x08003f0c   0x000000b8   Code   RO         5701    i.TIM4_PWM_Init     PWM.o
    0x08003fc4   0x0000006c   Code   RO         5583    i.TIM5_IRQHandler   timer.o
    0x08004030   0x0000005c   Code   RO         5584    i.TIM5_Int_Init     timer.o
    0x0800408c   0x00000018   Code   RO         4237    i.TIM_ARRPreloadConfig  stm32f4xx_tim.o
    0x080040a4   0x00000006   Code   RO         4244    i.TIM_ClearITPendingBit  stm32f4xx_tim.o
    0x080040aa   0x00000018   Code   RO         4249    i.TIM_Cmd           stm32f4xx_tim.o
    0x080040c2   0x00000042   Code   RO         4258    i.TIM_EncoderInterfaceConfig  stm32f4xx_tim.o
    0x08004104   0x00000006   Code   RO         4268    i.TIM_GetCounter    stm32f4xx_tim.o
    0x0800410a   0x00000022   Code   RO         4270    i.TIM_GetITStatus   stm32f4xx_tim.o
    0x0800412c   0x0000006e   Code   RO         4272    i.TIM_ICInit        stm32f4xx_tim.o
    0x0800419a   0x00000012   Code   RO         4273    i.TIM_ICStructInit  stm32f4xx_tim.o
    0x080041ac   0x00000012   Code   RO         4274    i.TIM_ITConfig      stm32f4xx_tim.o
    0x080041be   0x00000002   PAD
    0x080041c0   0x0000007c   Code   RO         4278    i.TIM_OC1Init       stm32f4xx_tim.o
    0x0800423c   0x00000012   Code   RO         4281    i.TIM_OC1PreloadConfig  stm32f4xx_tim.o
    0x0800424e   0x00000004   Code   RO         4311    i.TIM_SetCompare1   stm32f4xx_tim.o
    0x08004252   0x00000004   Code   RO         4315    i.TIM_SetCounter    stm32f4xx_tim.o
    0x08004256   0x00000012   Code   RO         4316    i.TIM_SetIC1Prescaler  stm32f4xx_tim.o
    0x08004268   0x0000001a   Code   RO         4317    i.TIM_SetIC2Prescaler  stm32f4xx_tim.o
    0x08004282   0x00000012   Code   RO         4318    i.TIM_SetIC3Prescaler  stm32f4xx_tim.o
    0x08004294   0x0000001a   Code   RO         4319    i.TIM_SetIC4Prescaler  stm32f4xx_tim.o
    0x080042ae   0x00000002   PAD
    0x080042b0   0x00000084   Code   RO         4321    i.TIM_TimeBaseInit  stm32f4xx_tim.o
    0x08004334   0x00000038   Code   RO         5309    i.Tele_SendFloat    ble_tune.o
    0x0800436c   0x0000001c   Code   RO         5310    i.Tele_SendTail     ble_tune.o
    0x08004388   0x00000148   Code   RO         5311    i.Tune_ApplyOne     ble_tune.o
    0x080044d0   0x00000070   Code   RO         5312    i.Tune_SendAll      ble_tune.o
    0x08004540   0x00000084   Code   RO         5223    i.USART6_IRQHandler  bsp_bluetooth.o
    0x080045c4   0x00000012   Code   RO         4795    i.USART_ClearFlag   stm32f4xx_usart.o
    0x080045d6   0x0000001e   Code   RO         4796    i.USART_ClearITPendingBit  stm32f4xx_usart.o
    0x080045f4   0x00000018   Code   RO         4799    i.USART_Cmd         stm32f4xx_usart.o
    0x0800460c   0x00000012   Code   RO         4800    i.USART_DMACmd      stm32f4xx_usart.o
    0x0800461e   0x00000002   PAD
    0x08004620   0x000000f0   Code   RO         4801    i.USART_DeInit      stm32f4xx_usart.o
    0x08004710   0x0000001a   Code   RO         4802    i.USART_GetFlagStatus  stm32f4xx_usart.o
    0x0800472a   0x00000054   Code   RO         4803    i.USART_GetITStatus  stm32f4xx_usart.o
    0x0800477e   0x0000004a   Code   RO         4805    i.USART_ITConfig    stm32f4xx_usart.o
    0x080047c8   0x000000d4   Code   RO         4806    i.USART_Init        stm32f4xx_usart.o
    0x0800489c   0x0000000a   Code   RO         4813    i.USART_ReceiveData  stm32f4xx_usart.o
    0x080048a6   0x00000008   Code   RO         4816    i.USART_SendData    stm32f4xx_usart.o
    0x080048ae   0x00000018   Code   RO         4822    i.USART_StructInit  stm32f4xx_usart.o
    0x080048c6   0x00000004   Code   RO          208    i.UsageFault_Handler  stm32f4xx_it.o
    0x080048ca   0x00000002   PAD
    0x080048cc   0x00000020   Code   RO         6267    i.__0printf         mc_w.l(printfa.o)
    0x080048ec   0x00000028   Code   RO         6269    i.__0sprintf        mc_w.l(printfa.o)
    0x08004914   0x00000008   Code   RO         6341    i.__aeabi_errno_addr  mc_w.l(errno.o)
    0x0800491c   0x00000014   Code   RO         5999    i.__hardfp_fabs     m_wm.l(fabs.o)
    0x08004930   0x0000000e   Code   RO         6395    i.__scatterload_copy  mc_w.l(handlers.o)
    0x0800493e   0x00000002   Code   RO         6396    i.__scatterload_null  mc_w.l(handlers.o)
    0x08004940   0x0000000e   Code   RO         6397    i.__scatterload_zeroinit  mc_w.l(handlers.o)
    0x0800494e   0x00000002   PAD
    0x08004950   0x00000184   Code   RO         6274    i._fp_digits        mc_w.l(printfa.o)
    0x08004ad4   0x000006dc   Code   RO         6275    i._printf_core      mc_w.l(printfa.o)
    0x080051b0   0x00000024   Code   RO         6276    i._printf_post_padding  mc_w.l(printfa.o)
    0x080051d4   0x0000002e   Code   RO         6277    i._printf_pre_padding  mc_w.l(printfa.o)
    0x08005202   0x0000000a   Code   RO         6279    i._sputc            mc_w.l(printfa.o)
    0x0800520c   0x0000003c   Code   RO         5045    i.delay_init        delay.o
    0x08005248   0x0000001c   Code   RO         5104    i.fputc             usart.o
    0x08005264   0x00001534   Code   RO            3    i.main              main.o
    0x08006798   0x00000066   Code   RO         5385    i.reverse           LEIDA_DATA.o
    0x080067fe   0x00000002   PAD
    0x08006800   0x00000098   Code   RO         5105    i.uart2_init        usart.o
    0x08006898   0x00000090   Code   RO         5106    i.uart3_init        usart.o
    0x08006928   0x00000090   Code   RO         5107    i.uart_init         usart.o
    0x080069b8   0x00000120   Data   RO         5314    .constdata          ble_tune.o
    0x08006ad8   0x00000804   Data   RO         5976    .constdata          arm_cortexM4lf_math.lib(arm_common_tables.o)
    0x080072dc   0x00000081   Data   RO         6362    .constdata          mc_w.l(ctype_o.o)
    0x0800735d   0x00000003   PAD
    0x08007360   0x00000004   Data   RO         6363    .constdata          mc_w.l(ctype_o.o)
    0x08007364   0x0000005b   Data   RO         5315    .conststring        ble_tune.o
    0x080073bf   0x00000001   PAD
    0x080073c0   0x00000020   Data   RO         6393    Region$$Table       anon$$obj.o


    Execution Region RW_IRAM1 (Base: 0x20000000, Size: 0x0000e368, Max: 0x00020000, ABSOLUTE)

    Base Addr    Size         Type   Attr      Idx    E Section Name        Object

    0x20000000   0x00000024   Data   RW            4    .data               main.o
    0x20000024   0x00000010   Data   RW         2955    .data               stm32f4xx_rcc.o
    0x20000034   0x00000004   Data   RW         5049    .data               delay.o
    0x20000038   0x00000004   Data   RW         5108    .data               usart.o
    0x2000003c   0x00000002   Data   RW         5157    .data               DMA.o
    0x2000003e   0x00000004   Data   RW         5225    .data               bsp_bluetooth.o
    0x20000042   0x00000001   Data   RW         5316    .data               ble_tune.o
    0x20000043   0x00000001   PAD
    0x20000044   0x00000028   Data   RW         5387    .data               LEIDA_DATA.o
    0x2000006c   0x00000060   Data   RW         5521    .data               CENTRE_LINE.o
    0x200000cc   0x00000004   Data   RW         5585    .data               timer.o
    0x200000d0   0x00000010   Data   RW         5627    .data               moto.o
    0x200000e0   0x00000004   Data   RW         6344    .data               mc_w.l(errno.o)
    0x200000e4   0x00000e0c   Zero   RW         5156    .bss                DMA.o
    0x20000ef0   0x000000c8   Zero   RW         5224    .bss                bsp_bluetooth.o
    0x20000fb8   0x000000c8   Zero   RW         5313    .bss                ble_tune.o
    0x20001080   0x0000ce40   Zero   RW         5386    .bss                LEIDA_DATA.o
    0x2000dec0   0x0000009c   Zero   RW         5520    .bss                CENTRE_LINE.o
    0x2000df5c   0x0000000a   Zero   RW         5626    .bss                moto.o
    0x2000df66   0x00000002   PAD
    0x2000df68   0x00000400   Zero   RW          306    STACK               startup_stm32f40_41xxx.o


==============================================================================

Image component sizes


      Code (inc. data)   RO Data    RW Data    ZI Data      Debug   Object Name

      2096        230          0         96        156       8793   CENTRE_LINE.o
       252         40          0          2       3596       2098   DMA.o
      7042        342          0         40      52800      19578   LEIDA_DATA.o
       688         38          0          0          0       3908   PWM.o
        40          6          0          0          0       1291   Servo.o
       860        116        379          1        200       7503   ble_tune.o
       720        100          0          4        200       7409   bsp_bluetooth.o
        60          8          0          4          0        809   delay.o
      5428        618          0         36          0     299821   main.o
       180         24          0          0          0       2337   misc.o
       324         38          0         16         10       3980   moto.o
        36          8        392          0       1024        904   startup_stm32f40_41xxx.o
       656         54          0          0          0       6793   stm32f4xx_dma.o
       258          0          0          0          0       4473   stm32f4xx_gpio.o
        26          0          0          0          0       4674   stm32f4xx_it.o
       392         48          0         16          0       6205   stm32f4xx_rcc.o
       966         38          0          0          0      15767   stm32f4xx_tim.o
       768         42          0          0          0       9262   stm32f4xx_usart.o
       340         32          0          0          0       1737   system_stm32f4xx.o
       200         28          0          4          0       1680   timer.o
       468         34          0          4          0       4792   usart.o

    ----------------------------------------------------------------------
     21824       1844        804        224      57988     413814   Object Totals
         0          0         32          0          0          0   (incl. Generated)
        24          0          1          1          2          0   (incl. Padding)

    ----------------------------------------------------------------------

      Code (inc. data)   RO Data    RW Data    ZI Data      Debug   Library Member Name

         0          0       2052          0          0       4704   arm_common_tables.o
       120         12          0          0          0      17170   arm_cos_f32.o
       148         18          0          0          0        814   arm_sin_f32.o
        20          0          0          0          0        124   fabs.o
        28          0          0          0          0         68   _chval.o
       158          0          0          0          0         92   _strtoul.o
        26          0          0          0          0         80   atoi.o
         8          4        133          0          0         68   ctype_o.o
         0          0          0          0          0          0   entry.o
         0          0          0          0          0          0   entry10a.o
         0          0          0          0          0          0   entry11a.o
         8          4          0          0          0          0   entry2.o
         4          0          0          0          0          0   entry5.o
         0          0          0          0          0          0   entry7b.o
         0          0          0          0          0          0   entry8b.o
         8          4          0          0          0          0   entry9a.o
         8          4          0          4          0         68   errno.o
        30          0          0          0          0          0   handlers.o
        36          8          0          0          0         68   init.o
         0          0          0          0          0          0   iusefp.o
        30          0          0          0          0         68   llshl.o
        36          0          0          0          0         68   llsshr.o
        32          0          0          0          0         68   llushr.o
        64          0          0          0          0         76   memmovea.o
      2308         96          0          0          0        604   printfa.o
        20          0          0          0          0         68   strchr.o
        28          0          0          0          0         76   strcmp.o
        14          0          0          0          0         68   strlen.o
       112          0          0          0          0         88   strtol.o
        44          0          0          0          0         80   uidiv.o
        98          0          0          0          0         92   uldiv.o
        48          0          0          0          0         68   cdcmple.o
        48          0          0          0          0         68   cdrcmple.o
        56          0          0          0          0         88   d2f.o
       334          0          0          0          0        148   dadd.o
       222          0          0          0          0        100   ddiv.o
       186          0          0          0          0        176   depilogue.o
        62          0          0          0          0         80   dfixi.o
        50          0          0          0          0         76   dfixui.o
        48          0          0          0          0         68   dfixul.o
        26          0          0          0          0         76   dfltui.o
       228          0          0          0          0         96   dmul.o
        38          0          0          0          0         68   f2d.o
       110          0          0          0          0        168   fepilogue.o

    ----------------------------------------------------------------------
      4848        150       2188          4          0      25892   Library Totals
         4          0          3          0          0          0   (incl. Padding)

    ----------------------------------------------------------------------

      Code (inc. data)   RO Data    RW Data    ZI Data      Debug   Library Name

       268         30       2052          0          0      22688   arm_cortexM4lf_math.lib
        20          0          0          0          0        124   m_wm.l
      3100        120        133          4          0       1800   mc_w.l
      1456          0          0          0          0       1280   mf_w.l

    ----------------------------------------------------------------------
      4848        150       2188          4          0      25892   Library Totals

    ----------------------------------------------------------------------

==============================================================================


      Code (inc. data)   RO Data    RW Data    ZI Data      Debug   

     26672       1994       2992        228      57988     426746   Grand Totals
     26672       1994       2992        228      57988     426746   ELF Image Totals
     26672       1994       2992        228          0          0   ROM Totals

==============================================================================

    Total RO  Size (Code + RO Data)                29664 (  28.97kB)
    Total RW  Size (RW Data + ZI Data)             58216 (  56.85kB)
    Total ROM Size (Code + RO Data + RW Data)      29892 (  29.19kB)

==============================================================================

