Component: ARM Compiler 5.06 update 5 (build 528) Tool: armlink [4d35e2]

==============================================================================

Memory Map of the image

  Image Entry point : 0x08000189

  Load Region LR_IROM1 (Base: 0x08000000, Size: 0x00009f44, Max: 0x00100000, ABSOLUTE, COMPRESSED[0x00009d4c])

    Execution Region ER_IROM1 (Base: 0x08000000, Size: 0x00009d0c, Max: 0x00100000, ABSOLUTE)

    Base Addr    Size         Type   Attr      Idx    E Section Name        Object

    0x08000000   0x00000188   Data   RO          324    RESET               startup_stm32f40_41xxx.o
    0x08000188   0x00000000   Code   RO         6559  * .ARM.Collect$$$$00000000  mc_w.l(entry.o)
    0x08000188   0x00000004   Code   RO         6859    .ARM.Collect$$$$00000001  mc_w.l(entry2.o)
    0x0800018c   0x00000004   Code   RO         6862    .ARM.Collect$$$$00000004  mc_w.l(entry5.o)
    0x08000190   0x00000000   Code   RO         6864    .ARM.Collect$$$$00000008  mc_w.l(entry7b.o)
    0x08000190   0x00000000   Code   RO         6866    .ARM.Collect$$$$0000000A  mc_w.l(entry8b.o)
    0x08000190   0x00000008   Code   RO         6867    .ARM.Collect$$$$0000000B  mc_w.l(entry9a.o)
    0x08000198   0x00000000   Code   RO         6869    .ARM.Collect$$$$0000000D  mc_w.l(entry10a.o)
    0x08000198   0x00000000   Code   RO         6871    .ARM.Collect$$$$0000000F  mc_w.l(entry11a.o)
    0x08000198   0x00000004   Code   RO         6860    .ARM.Collect$$$$00002712  mc_w.l(entry2.o)
    0x0800019c   0x00000024   Code   RO          325    .text               startup_stm32f40_41xxx.o
    0x080001c0   0x00000078   Code   RO         6380    .text               arm_cortexM4lf_math.lib(arm_cos_f32.o)
    0x08000238   0x00000094   Code   RO         6430    .text               arm_cortexM4lf_math.lib(arm_sin_f32.o)
    0x080002cc   0x00000040   Code   RO         6564    .text               mc_w.l(memmovea.o)
    0x0800030c   0x00000024   Code   RO         6566    .text               mc_w.l(memseta.o)
    0x08000330   0x00000014   Code   RO         6568    .text               mc_w.l(strchr.o)
    0x08000344   0x0000000e   Code   RO         6570    .text               mc_w.l(strlen.o)
    0x08000352   0x0000001c   Code   RO         6572    .text               mc_w.l(strcmp.o)
    0x0800036e   0x0000001e   Code   RO         6574    .text               mc_w.l(strncmp.o)
    0x0800038c   0x00000070   Code   RO         6841    .text               mc_w.l(strtol.o)
    0x080003fc   0x0000014e   Code   RO         6845    .text               mf_w.l(dadd.o)
    0x0800054a   0x000000de   Code   RO         6847    .text               mf_w.l(ddiv.o)
    0x08000628   0x0000003e   Code   RO         6849    .text               mf_w.l(dfixi.o)
    0x08000666   0x00000026   Code   RO         6851    .text               mf_w.l(f2d.o)
    0x0800068c   0x00000030   Code   RO         6853    .text               mf_w.l(cdcmple.o)
    0x080006bc   0x00000030   Code   RO         6855    .text               mf_w.l(cdrcmple.o)
    0x080006ec   0x00000038   Code   RO         6857    .text               mf_w.l(d2f.o)
    0x08000724   0x0000002c   Code   RO         6873    .text               mc_w.l(uidiv.o)
    0x08000750   0x00000062   Code   RO         6875    .text               mc_w.l(uldiv.o)
    0x080007b2   0x0000001e   Code   RO         6877    .text               mc_w.l(llshl.o)
    0x080007d0   0x00000020   Code   RO         6879    .text               mc_w.l(llushr.o)
    0x080007f0   0x00000024   Code   RO         6881    .text               mc_w.l(llsshr.o)
    0x08000814   0x00000008   Code   RO         6883    .text               mc_w.l(ctype_o.o)
    0x0800081c   0x0000009e   Code   RO         6918    .text               mc_w.l(_strtoul.o)
    0x080008ba   0x00000000   Code   RO         6920    .text               mc_w.l(iusefp.o)
    0x080008ba   0x0000006e   Code   RO         6921    .text               mf_w.l(fepilogue.o)
    0x08000928   0x000000ba   Code   RO         6923    .text               mf_w.l(depilogue.o)
    0x080009e2   0x000000e4   Code   RO         6925    .text               mf_w.l(dmul.o)
    0x08000ac6   0x00000030   Code   RO         6929    .text               mf_w.l(dfixul.o)
    0x08000af6   0x00000036   Code   RO         6931    .text               mf_w.l(fcmp4.o)
    0x08000b2c   0x00000024   Code   RO         6933    .text               mc_w.l(init.o)
    0x08000b50   0x0000001c   Code   RO         6935    .text               mc_w.l(_chval.o)
    0x08000b6c   0x00000056   Code   RO         6945    .text               mc_w.l(__dczerorl2.o)
    0x08000bc2   0x00000002   PAD
    0x08000bc4   0x00000064   Code   RO         5577    i.BLE_FlushPending  ble_tx.o
    0x08000c28   0x00000038   Code   RO         5578    i.BLE_FreeCritical  ble_tx.o
    0x08000c60   0x00000038   Code   RO         5579    i.BLE_NormalSpace   ble_tx.o
    0x08000c98   0x000000e0   Code   RO         5580    i.BLE_Queue         ble_tx.o
    0x08000d78   0x00000140   Code   RO         5635    i.BLE_Tune_Process  ble_tune.o
    0x08000eb8   0x000000bc   Code   RO         5636    i.BLE_Tune_Telemetry  ble_tune.o
    0x08000f74   0x00000094   Code   RO         5581    i.BLE_TxIRQ         ble_tx.o
    0x08001008   0x0000010c   Code   RO         5582    i.BLE_TxPoll        ble_tx.o
    0x08001114   0x0000001a   Code   RO         5260    i.BLE_send_String   bsp_bluetooth.o
    0x0800112e   0x00000002   PAD
    0x08001130   0x00000110   Code   RO         5261    i.Bluetooth_GPIO_Init  bsp_bluetooth.o
    0x08001240   0x00000034   Code   RO         5262    i.Bluetooth_Init    bsp_bluetooth.o
    0x08001274   0x00000044   Code   RO         5263    i.Bluetooth_Link_Gpio_Init  bsp_bluetooth.o
    0x080012b8   0x00000050   Code   RO         5264    i.Bluetooth_Mode    bsp_bluetooth.o
    0x08001308   0x00000004   Code   RO          216    i.BusFault_Handler  stm32f4xx_it.o
    0x0800130c   0x00000014   Code   RO         5265    i.Clear_BLERX_BUFF  bsp_bluetooth.o
    0x08001320   0x00000040   Code   RO         6022    i.DIR_Init          moto.o
    0x08001360   0x00000224   Code   RO         5176    i.DMA1_Stream5_IRQHandler  DMA.o
    0x08001584   0x00000034   Code   RO         1449    i.DMA_ClearFlag     stm32f4xx_dma.o
    0x080015b8   0x00000016   Code   RO         1451    i.DMA_Cmd           stm32f4xx_dma.o
    0x080015ce   0x00000002   PAD
    0x080015d0   0x00000158   Code   RO         1452    i.DMA_DeInit        stm32f4xx_dma.o
    0x08001728   0x00000014   Code   RO         1456    i.DMA_GetCmdStatus  stm32f4xx_dma.o
    0x0800173c   0x00000008   Code   RO         1457    i.DMA_GetCurrDataCounter  stm32f4xx_dma.o
    0x08001744   0x0000003a   Code   RO         1462    i.DMA_ITConfig      stm32f4xx_dma.o
    0x0800177e   0x00000002   PAD
    0x08001780   0x00000058   Code   RO         1463    i.DMA_Init          stm32f4xx_dma.o
    0x080017d8   0x000000e8   Code   RO         5177    i.DMA_Initializes   DMA.o
    0x080018c0   0x00000004   Code   RO         1466    i.DMA_SetCurrDataCounter  stm32f4xx_dma.o
    0x080018c4   0x00000022   Code   RO         1467    i.DMA_StructInit    stm32f4xx_dma.o
    0x080018e6   0x00000002   Code   RO          217    i.DebugMon_Handler  stm32f4xx_it.o
    0x080018e8   0x00000054   Code   RO         5350    i.Diag_Begin        ble_diag.o
    0x0800193c   0x00000048   Code   RO         5351    i.Diag_CRC          ble_diag.o
    0x08001984   0x0000024c   Code   RO         5352    i.Diag_Command      ble_diag.o
    0x08001bd0   0x00000044   Code   RO         5353    i.Diag_ConfigStart  ble_diag.o
    0x08001c14   0x000001d8   Code   RO         5354    i.Diag_Encode       ble_diag.o
    0x08001dec   0x0000004c   Code   RO         5355    i.Diag_Field        ble_diag.o
    0x08001e38   0x0000004c   Code   RO         5356    i.Diag_Finalize     ble_diag.o
    0x08001e84   0x00000094   Code   RO         5357    i.Diag_Fit          ble_diag.o
    0x08001f18   0x0000002c   Code   RO         5358    i.Diag_HeldField    ble_diag.o
    0x08001f44   0x00000058   Code   RO         5359    i.Diag_Init         ble_diag.o
    0x08001f9c   0x00000124   Code   RO         5361    i.Diag_MotorTick    ble_diag.o
    0x080020c0   0x0000006c   Code   RO         5362    i.Diag_Parameter    ble_diag.o
    0x0800212c   0x00000228   Code   RO         5363    i.Diag_Poll         ble_diag.o
    0x08002354   0x00000028   Code   RO         5365    i.Diag_Reject       ble_diag.o
    0x0800237c   0x000003dc   Code   RO         5366    i.Diag_Submit       ble_diag.o
    0x08002758   0x0000000e   Code   RO         5367    i.Diag_TimeMs       ble_diag.o
    0x08002766   0x0000001e   Code   RO         5368    i.Diag_TimeUs       ble_diag.o
    0x08002784   0x00000008   Code   RO         6023    i.Encoder_Init      moto.o
    0x0800278c   0x00000090   Code   RO         2054    i.GPIO_Init         stm32f4xx_gpio.o
    0x0800281c   0x00000046   Code   RO         2055    i.GPIO_PinAFConfig  stm32f4xx_gpio.o
    0x08002862   0x00000012   Code   RO         2058    i.GPIO_ReadInputDataBit  stm32f4xx_gpio.o
    0x08002874   0x00000004   Code   RO         2061    i.GPIO_ResetBits    stm32f4xx_gpio.o
    0x08002878   0x00000004   Code   RO         2062    i.GPIO_SetBits      stm32f4xx_gpio.o
    0x0800287c   0x00000012   Code   RO         2063    i.GPIO_StructInit   stm32f4xx_gpio.o
    0x0800288e   0x00000002   PAD
    0x08002890   0x0000000c   Code   RO         5266    i.Get_Bluetooth_ConnectFlag  bsp_bluetooth.o
    0x0800289c   0x000000ec   Code   RO         6024    i.Get_Encoder       moto.o
    0x08002988   0x00000004   Code   RO          218    i.HardFault_Handler  stm32f4xx_it.o
    0x0800298c   0x000001f8   Code   RO         5692    i.LEIDA_DATA_HANDLE10  LEIDA_DATA.o
    0x08002b84   0x000000d0   Code   RO         5693    i.LEIDA_DATA_HANDLE11  LEIDA_DATA.o
    0x08002c54   0x00000098   Code   RO         5696    i.LEIDA_DATA_HANDLE2  LEIDA_DATA.o
    0x08002cec   0x00000358   Code   RO         5699    i.LEIDA_DATA_HANDLE4  LEIDA_DATA.o
    0x08003044   0x00000510   Code   RO         5700    i.LEIDA_DATA_HANDLE5  LEIDA_DATA.o
    0x08003554   0x000001f0   Code   RO         5701    i.LEIDA_DATA_HANDLE5_2  LEIDA_DATA.o
    0x08003744   0x00000016   Code   RO         5702    i.LEIDA_DATA_HANDLE6  LEIDA_DATA.o
    0x0800375a   0x00000016   Code   RO         5703    i.LEIDA_DATA_HANDLE7  LEIDA_DATA.o
    0x08003770   0x00000318   Code   RO         5704    i.LEIDA_DATA_HANDLE8  LEIDA_DATA.o
    0x08003a88   0x0000031c   Code   RO         5705    i.LEIDA_DATA_HANDLE9  LEIDA_DATA.o
    0x08003da4   0x000001e4   Code   RO         5706    i.LEIDA_Distance    LEIDA_DATA.o
    0x08003f88   0x00000020   Code   RO         5178    i.LidarRx_Fault     DMA.o
    0x08003fa8   0x00000094   Code   RO         5179    i.LidarRx_Read      DMA.o
    0x0800403c   0x000000a4   Code   RO         5180    i.LidarRx_Service   DMA.o
    0x080040e0   0x0000009c   Code   RO         6244    i.M10P_Acquire      m10p.o
    0x0800417c   0x00000020   Code   RO         6245    i.M10P_AlgorithmAngle  m10p.o
    0x0800419c   0x000002a8   Code   RO         6342    i.M10P_Build        m10p_vehicle.o
    0x08004444   0x0000017c   Code   RO         6246    i.M10P_Feed         m10p.o
    0x080045c0   0x00000090   Code   RO         6247    i.M10P_Index        m10p.o
    0x08004650   0x00000030   Code   RO         6248    i.M10P_Init         m10p.o
    0x08004680   0x00000024   Code   RO         6249    i.M10P_Lost         m10p.o
    0x080046a4   0x000000bc   Code   RO         6343    i.M10P_Poll         m10p_vehicle.o
    0x08004760   0x00000038   Code   RO         6250    i.M10P_Release      m10p.o
    0x08004798   0x00000004   Code   RO          219    i.MemManage_Handler  stm32f4xx_it.o
    0x0800479c   0x00000990   Code   RO         5856    i.Midline_PD_Calculate  CENTRE_LINE.o
    0x0800512c   0x00000038   Code   RO         5857    i.Midline_PD_Init   CENTRE_LINE.o
    0x08005164   0x00000014   Code   RO         5858    i.Midline_PD_Reset  CENTRE_LINE.o
    0x08005178   0x000001e0   Code   RO         5859    i.Midline_fit       CENTRE_LINE.o
    0x08005358   0x00000018   Code   RO         6025    i.Moto_Init         moto.o
    0x08005370   0x00000010   Code   RO         6026    i.Moto_Speed        moto.o
    0x08005380   0x00000002   Code   RO          220    i.NMI_Handler       stm32f4xx_it.o
    0x08005382   0x00000002   PAD
    0x08005384   0x00000078   Code   RO          331    i.NVIC_Init         misc.o
    0x080053fc   0x00000014   Code   RO          332    i.NVIC_PriorityGroupConfig  misc.o
    0x08005410   0x000000e4   Code   RO         5860    i.PID_realize       CENTRE_LINE.o
    0x080054f4   0x00000002   Code   RO          221    i.PendSV_Handler    stm32f4xx_it.o
    0x080054f6   0x00000002   PAD
    0x080054f8   0x00000020   Code   RO         2918    i.RCC_AHB1PeriphClockCmd  stm32f4xx_rcc.o
    0x08005518   0x00000020   Code   RO         2927    i.RCC_APB1PeriphClockCmd  stm32f4xx_rcc.o
    0x08005538   0x00000020   Code   RO         2929    i.RCC_APB1PeriphResetCmd  stm32f4xx_rcc.o
    0x08005558   0x00000020   Code   RO         2930    i.RCC_APB2PeriphClockCmd  stm32f4xx_rcc.o
    0x08005578   0x00000020   Code   RO         2932    i.RCC_APB2PeriphResetCmd  stm32f4xx_rcc.o
    0x08005598   0x000000e8   Code   RO         2939    i.RCC_GetClocksFreq  stm32f4xx_rcc.o
    0x08005680   0x00000088   Code   RO         5964    i.Radar_GuardTick   timer.o
    0x08005708   0x00000028   Code   RO         5965    i.Radar_Invalidate  timer.o
    0x08005730   0x00000120   Code   RO         5966    i.Radar_Observe     timer.o
    0x08005850   0x00000002   Code   RO          222    i.SVC_Handler       stm32f4xx_it.o
    0x08005852   0x00000002   PAD
    0x08005854   0x0000001c   Code   RO         5268    i.Send_Bluetooth_Data  bsp_bluetooth.o
    0x08005870   0x00000014   Code   RO         6070    i.Servo_ChangePwm   Servo.o
    0x08005884   0x00000014   Code   RO         6071    i.Servo_Init        Servo.o
    0x08005898   0x000000ec   Code   RO          287    i.SetSysClock       system_stm32f4xx.o
    0x08005984   0x00000024   Code   RO         5862    i.Speed_PID_Init    CENTRE_LINE.o
    0x080059a8   0x00000030   Code   RO         5863    i.Speed_PID_Reset   CENTRE_LINE.o
    0x080059d8   0x00000028   Code   RO          335    i.SysTick_CLKSourceConfig  misc.o
    0x08005a00   0x00000002   Code   RO          223    i.SysTick_Handler   stm32f4xx_it.o
    0x08005a02   0x00000002   PAD
    0x08005a04   0x00000068   Code   RO          289    i.SystemInit        system_stm32f4xx.o
    0x08005a6c   0x0000003a   Code   RO         4249    i.TI1_Config        stm32f4xx_tim.o
    0x08005aa6   0x00000050   Code   RO         4250    i.TI2_Config        stm32f4xx_tim.o
    0x08005af6   0x00000048   Code   RO         4251    i.TI3_Config        stm32f4xx_tim.o
    0x08005b3e   0x00000050   Code   RO         4252    i.TI4_Config        stm32f4xx_tim.o
    0x08005b8e   0x00000002   PAD
    0x08005b90   0x000000a0   Code   RO         6099    i.TIM2_PWM_Init     PWM.o
    0x08005c30   0x000000a0   Code   RO         6101    i.TIM3_PWM_Init     PWM.o
    0x08005cd0   0x000000b8   Code   RO         6102    i.TIM4_PWM_Init     PWM.o
    0x08005d88   0x000000ec   Code   RO         5968    i.TIM5_IRQHandler   timer.o
    0x08005e74   0x0000005c   Code   RO         5969    i.TIM5_Int_Init     timer.o
    0x08005ed0   0x00000024   Code   RO         5369    i.TIM6_DAC_IRQHandler  ble_diag.o
    0x08005ef4   0x00000018   Code   RO         4253    i.TIM_ARRPreloadConfig  stm32f4xx_tim.o
    0x08005f0c   0x00000006   Code   RO         4260    i.TIM_ClearITPendingBit  stm32f4xx_tim.o
    0x08005f12   0x00000018   Code   RO         4265    i.TIM_Cmd           stm32f4xx_tim.o
    0x08005f2a   0x00000042   Code   RO         4274    i.TIM_EncoderInterfaceConfig  stm32f4xx_tim.o
    0x08005f6c   0x00000006   Code   RO         4284    i.TIM_GetCounter    stm32f4xx_tim.o
    0x08005f72   0x00000022   Code   RO         4286    i.TIM_GetITStatus   stm32f4xx_tim.o
    0x08005f94   0x0000006e   Code   RO         4288    i.TIM_ICInit        stm32f4xx_tim.o
    0x08006002   0x00000012   Code   RO         4289    i.TIM_ICStructInit  stm32f4xx_tim.o
    0x08006014   0x00000012   Code   RO         4290    i.TIM_ITConfig      stm32f4xx_tim.o
    0x08006026   0x00000002   PAD
    0x08006028   0x0000007c   Code   RO         4294    i.TIM_OC1Init       stm32f4xx_tim.o
    0x080060a4   0x00000012   Code   RO         4297    i.TIM_OC1PreloadConfig  stm32f4xx_tim.o
    0x080060b6   0x00000004   Code   RO         4327    i.TIM_SetCompare1   stm32f4xx_tim.o
    0x080060ba   0x00000004   Code   RO         4331    i.TIM_SetCounter    stm32f4xx_tim.o
    0x080060be   0x00000012   Code   RO         4332    i.TIM_SetIC1Prescaler  stm32f4xx_tim.o
    0x080060d0   0x0000001a   Code   RO         4333    i.TIM_SetIC2Prescaler  stm32f4xx_tim.o
    0x080060ea   0x00000012   Code   RO         4334    i.TIM_SetIC3Prescaler  stm32f4xx_tim.o
    0x080060fc   0x0000001a   Code   RO         4335    i.TIM_SetIC4Prescaler  stm32f4xx_tim.o
    0x08006116   0x00000002   PAD
    0x08006118   0x00000084   Code   RO         4337    i.TIM_TimeBaseInit  stm32f4xx_tim.o
    0x0800619c   0x0000023c   Code   RO         5637    i.Tune_ApplyOne     ble_tune.o
    0x080063d8   0x00000028   Code   RO         5638    i.Tune_ConfigValue  ble_tune.o
    0x08006400   0x00000090   Code   RO         5639    i.Tune_GetPoll      ble_tune.o
    0x08006490   0x0000000c   Code   RO         5640    i.Tune_SendAll      ble_tune.o
    0x0800649c   0x0000010c   Code   RO         5864    i.TurnGuard_Apply   CENTRE_LINE.o
    0x080065a8   0x00000030   Code   RO         5119    i.USART2_IRQHandler  usart.o
    0x080065d8   0x000000a8   Code   RO         5269    i.USART6_IRQHandler  bsp_bluetooth.o
    0x08006680   0x00000012   Code   RO         4811    i.USART_ClearFlag   stm32f4xx_usart.o
    0x08006692   0x00000018   Code   RO         4815    i.USART_Cmd         stm32f4xx_usart.o
    0x080066aa   0x00000012   Code   RO         4816    i.USART_DMACmd      stm32f4xx_usart.o
    0x080066bc   0x000000f0   Code   RO         4817    i.USART_DeInit      stm32f4xx_usart.o
    0x080067ac   0x00000054   Code   RO         4819    i.USART_GetITStatus  stm32f4xx_usart.o
    0x08006800   0x0000004a   Code   RO         4821    i.USART_ITConfig    stm32f4xx_usart.o
    0x0800684a   0x00000002   PAD
    0x0800684c   0x000000d4   Code   RO         4822    i.USART_Init        stm32f4xx_usart.o
    0x08006920   0x00000008   Code   RO         4832    i.USART_SendData    stm32f4xx_usart.o
    0x08006928   0x00000018   Code   RO         4838    i.USART_StructInit  stm32f4xx_usart.o
    0x08006940   0x00000004   Code   RO          224    i.UsageFault_Handler  stm32f4xx_it.o
    0x08006944   0x00000020   Code   RO         6813    i.__0printf         mc_w.l(printfa.o)
    0x08006964   0x00000028   Code   RO         6815    i.__0sprintf        mc_w.l(printfa.o)
    0x0800698c   0x00000008   Code   RO         6911    i.__aeabi_errno_addr  mc_w.l(errno.o)
    0x08006994   0x00000006   Code   RO         5370    i.__get_PRIMASK     ble_diag.o
    0x0800699a   0x00000014   Code   RO         6533    i.__hardfp_fabs     m_wm.l(fabs.o)
    0x080069ae   0x00000048   Code   RO         6539    i.__hardfp_fmaxf    m_wm.l(fmaxf.o)
    0x080069f6   0x00000048   Code   RO         6543    i.__hardfp_fminf    m_wm.l(fminf.o)
    0x08006a3e   0x0000000e   Code   RO         6939    i.__scatterload_copy  mc_w.l(handlers.o)
    0x08006a4c   0x00000002   Code   RO         6940    i.__scatterload_null  mc_w.l(handlers.o)
    0x08006a4e   0x0000000e   Code   RO         6941    i.__scatterload_zeroinit  mc_w.l(handlers.o)
    0x08006a5c   0x00000006   Code   RO         5371    i.__set_PRIMASK     ble_diag.o
    0x08006a62   0x00000002   PAD
    0x08006a64   0x00000184   Code   RO         6820    i._fp_digits        mc_w.l(printfa.o)
    0x08006be8   0x000006dc   Code   RO         6821    i._printf_core      mc_w.l(printfa.o)
    0x080072c4   0x00000024   Code   RO         6822    i._printf_post_padding  mc_w.l(printfa.o)
    0x080072e8   0x0000002e   Code   RO         6823    i._printf_pre_padding  mc_w.l(printfa.o)
    0x08007316   0x0000000a   Code   RO         6825    i._sputc            mc_w.l(printfa.o)
    0x08007320   0x00000034   Code   RO         6251    i.abandon           m10p.o
    0x08007354   0x000000ec   Code   RO         6252    i.append            m10p.o
    0x08007440   0x0000000c   Code   RO         6253    i.be16              m10p.o
    0x0800744c   0x000000b4   Code   RO         6254    i.begin_scan        m10p.o
    0x08007500   0x000000c8   Code   RO         6255    i.boundary          m10p.o
    0x080075c8   0x000001b0   Code   RO         5711    i.boundary_extract  LEIDA_DATA.o
    0x08007778   0x00000040   Code   RO         5372    i.clock_read        ble_diag.o
    0x080077b8   0x000001b8   Code   RO         5373    i.config_poll       ble_diag.o
    0x08007970   0x00000068   Code   RO         6256    i.coverage          m10p.o
    0x080079d8   0x000001d8   Code   RO         6257    i.decode            m10p.o
    0x08007bb0   0x0000003c   Code   RO         5061    i.delay_init        delay.o
    0x08007bec   0x000000c8   Code   RO         5374    i.detail_submit     ble_diag.o
    0x08007cb4   0x00000078   Code   RO         5375    i.event             ble_diag.o
    0x08007d2c   0x0000001c   Code   RO         5121    i.fputc             usart.o
    0x08007d48   0x00000040   Code   RO         5376    i.header            ble_diag.o
    0x08007d88   0x00000144   Code   RO         5377    i.m10p_health       ble_diag.o
    0x08007ecc   0x00000c7c   Code   RO            3    i.main              main.o
    0x08008b48   0x000001d0   Code   RO         5378    i.motor_poll        ble_diag.o
    0x08008d18   0x00000024   Code   RO         5379    i.motor_reset       ble_diag.o
    0x08008d3c   0x0000004c   Code   RO         5380    i.number            ble_diag.o
    0x08008d88   0x0000002c   Code   RO         5867    i.pd_reject         CENTRE_LINE.o
    0x08008db4   0x00000008   Code   RO         5381    i.put16             ble_diag.o
    0x08008dbc   0x00000018   Code   RO         5382    i.put32             ble_diag.o
    0x08008dd4   0x00000066   Code   RO         5712    i.reverse           LEIDA_DATA.o
    0x08008e3a   0x00000002   PAD
    0x08008e3c   0x00000078   Code   RO         5383    i.text_event        ble_diag.o
    0x08008eb4   0x00000026   Code   RO         5868    i.turn_direction    CENTRE_LINE.o
    0x08008eda   0x0000001e   Code   RO         5869    i.turn_rank         CENTRE_LINE.o
    0x08008ef8   0x000000bc   Code   RO         5122    i.uart2_init        usart.o
    0x08008fb4   0x00000090   Code   RO         5123    i.uart3_init        usart.o
    0x08009044   0x00000090   Code   RO         5124    i.uart_init         usart.o
    0x080090d4   0x00000034   Data   RO         5385    .constdata          ble_diag.o
    0x08009108   0x00000120   Data   RO         5642    .constdata          ble_tune.o
    0x08009228   0x00000804   Data   RO         6510    .constdata          arm_cortexM4lf_math.lib(arm_common_tables.o)
    0x08009a2c   0x00000081   Data   RO         6884    .constdata          mc_w.l(ctype_o.o)
    0x08009aad   0x00000003   PAD
    0x08009ab0   0x00000004   Data   RO         6885    .constdata          mc_w.l(ctype_o.o)
    0x08009ab4   0x00000169   Data   RO         5386    .conststring        ble_diag.o
    0x08009c1d   0x00000003   PAD
    0x08009c20   0x000000cb   Data   RO         5643    .conststring        ble_tune.o
    0x08009ceb   0x00000001   PAD
    0x08009cec   0x00000020   Data   RO         6937    Region$$Table       anon$$obj.o


    Execution Region RW_IRAM1 (Base: 0x20000000, Size: 0x00015850, Max: 0x00020000, ABSOLUTE, COMPRESSED[0x00000040])

    Base Addr    Size         Type   Attr      Idx    E Section Name        Object

    0x20000000   0x00000024   Data   RW            5    .data               main.o
    0x20000024   0x00000014   Data   RW          290    .data               system_stm32f4xx.o
    0x20000038   0x00000010   Data   RW         2971    .data               stm32f4xx_rcc.o
    0x20000048   0x00000004   Data   RW         5065    .data               delay.o
    0x2000004c   0x00000004   Data   RW         5125    .data               usart.o
    0x20000050   0x00000028   Data   RW         5182    .data               DMA.o
    0x20000078   0x00000004   Data   RW         5271    .data               bsp_bluetooth.o
    0x2000007c   0x0000008c   Data   RW         5387    .data               ble_diag.o
    0x20000108   0x0000000d   Data   RW         5584    .data               ble_tx.o
    0x20000115   0x00000003   Data   RW         5644    .data               ble_tune.o
    0x20000118   0x0000003d   Data   RW         5714    .data               LEIDA_DATA.o
    0x20000155   0x00000003   PAD
    0x20000158   0x00000058   Data   RW         5871    .data               CENTRE_LINE.o
    0x200001b0   0x0000002c   Data   RW         5970    .data               timer.o
    0x200001dc   0x00000012   Data   RW         6028    .data               moto.o
    0x200001ee   0x00000002   PAD
    0x200001f0   0x00000019   Data   RW         6259    .data               m10p.o
    0x20000209   0x00000003   PAD
    0x2000020c   0x00000025   Data   RW         6345    .data               m10p_vehicle.o
    0x20000231   0x00000003   PAD
    0x20000234   0x00000004   Data   RW         6914    .data               mc_w.l(errno.o)
    0x20000238   0x0000000c   Zero   RW            4    .bss                main.o
    0x20000244   0x000024c0   Zero   RW         5181    .bss                DMA.o
    0x20002704   0x000000c8   Zero   RW         5270    .bss                bsp_bluetooth.o
    0x200027cc   0x00000b48   Zero   RW         5384    .bss                ble_diag.o
    0x20003314   0x00000630   Zero   RW         5583    .bss                ble_tx.o
    0x20003944   0x000000c8   Zero   RW         5641    .bss                ble_tune.o
    0x20003a0c   0x000084da   Zero   RW         5713    .bss                LEIDA_DATA.o
    0x2000bee6   0x00000002   PAD
    0x2000bee8   0x0000009c   Zero   RW         5870    .bss                CENTRE_LINE.o
    0x2000bf84   0x0000000a   Zero   RW         6027    .bss                moto.o
    0x2000bf8e   0x00000002   PAD
    0x2000bf90   0x00008120   Zero   RW         6258    .bss                m10p.o
    0x200140b0   0x000007a0   Zero   RW         6344    .bss                m10p_vehicle.o
    0x20014850   0x00001000   Zero   RW          322    STACK               startup_stm32f40_41xxx.o


==============================================================================

Image component sizes


      Code (inc. data)   RO Data    RW Data    ZI Data      Debug   Object Name

      3696        298          0         88        156      14009   CENTRE_LINE.o
      1124        214          0         40       9408       7396   DMA.o
      6162        288          0         61      34010      18803   LEIDA_DATA.o
       504         22          0          0          0       2520   PWM.o
        40          6          0          0          0       1279   Servo.o
      5728       1018        413        140       2888      29281   ble_diag.o
      1276        240        491          3        200       6763   ble_tune.o
       852         92          0         13       1584       5276   ble_tx.o
       726         98          0          4        200       6838   bsp_bluetooth.o
        60          8          0          4          0        801   delay.o
      2108        176          0         25      33056      13726   m10p.o
       868        104          0         37       1952       3778   m10p_vehicle.o
      3196        510          0         36         12     305884   main.o
       180         24          0          0          0       2317   misc.o
       348         40          0         18         10       4048   moto.o
        36          8        392          0       4096        904   startup_stm32f40_41xxx.o
       630         40          0          0          0       7191   stm32f4xx_dma.o
       258          0          0          0          0       4437   stm32f4xx_gpio.o
        26          0          0          0          0       4638   stm32f4xx_it.o
       392         48          0         16          0       6173   stm32f4xx_rcc.o
       966         38          0          0          0      15695   stm32f4xx_tim.o
       702         42          0          0          0       7198   stm32f4xx_usart.o
       340         32          0         20          0       2009   system_stm32f4xx.o
       792        158          0         44          0       5793   timer.o
       552         40          0          4          0       5580   usart.o

    ----------------------------------------------------------------------
     31590       3544       1332        564      87576     482337   Object Totals
         0          0         32          0          0          0   (incl. Generated)
        28          0          4         11          4          0   (incl. Padding)

    ----------------------------------------------------------------------

      Code (inc. data)   RO Data    RW Data    ZI Data      Debug   Library Member Name

         0          0       2052          0          0       4704   arm_common_tables.o
       120         12          0          0          0      17170   arm_cos_f32.o
       148         18          0          0          0        814   arm_sin_f32.o
        20          0          0          0          0        124   fabs.o
        72          0          0          0          0        148   fmaxf.o
        72          0          0          0          0        148   fminf.o
        86          0          0          0          0          0   __dczerorl2.o
        28          0          0          0          0         68   _chval.o
       158          0          0          0          0         92   _strtoul.o
         8          4        133          0          0         68   ctype_o.o
         0          0          0          0          0          0   entry.o
         0          0          0          0          0          0   entry10a.o
         0          0          0          0          0          0   entry11a.o
         8          4          0          0          0          0   entry2.o
         4          0          0          0          0          0   entry5.o
         0          0          0          0          0          0   entry7b.o
         0          0          0          0          0          0   entry8b.o
         8          4          0          0          0          0   entry9a.o
         8          4          0          4          0         68   errno.o
        30          0          0          0          0          0   handlers.o
        36          8          0          0          0         68   init.o
         0          0          0          0          0          0   iusefp.o
        30          0          0          0          0         68   llshl.o
        36          0          0          0          0         68   llsshr.o
        32          0          0          0          0         68   llushr.o
        64          0          0          0          0         76   memmovea.o
        36          0          0          0          0        108   memseta.o
      2308         96          0          0          0        604   printfa.o
        20          0          0          0          0         68   strchr.o
        28          0          0          0          0         76   strcmp.o
        14          0          0          0          0         68   strlen.o
        30          0          0          0          0         80   strncmp.o
       112          0          0          0          0         88   strtol.o
        44          0          0          0          0         80   uidiv.o
        98          0          0          0          0         92   uldiv.o
        48          0          0          0          0         68   cdcmple.o
        48          0          0          0          0         68   cdrcmple.o
        56          0          0          0          0         88   d2f.o
       334          0          0          0          0        148   dadd.o
       222          0          0          0          0        100   ddiv.o
       186          0          0          0          0        176   depilogue.o
        62          0          0          0          0         80   dfixi.o
        48          0          0          0          0         68   dfixul.o
       228          0          0          0          0         96   dmul.o
        38          0          0          0          0         68   f2d.o
        54          0          0          0          0         68   fcmp4.o
       110          0          0          0          0        168   fepilogue.o

    ----------------------------------------------------------------------
      5094        150       2188          4          0      26212   Library Totals
         2          0          3          0          0          0   (incl. Padding)

    ----------------------------------------------------------------------

      Code (inc. data)   RO Data    RW Data    ZI Data      Debug   Library Name

       268         30       2052          0          0      22688   arm_cortexM4lf_math.lib
       164          0          0          0          0        420   m_wm.l
      3226        120        133          4          0       1908   mc_w.l
      1434          0          0          0          0       1196   mf_w.l

    ----------------------------------------------------------------------
      5094        150       2188          4          0      26212   Library Totals

    ----------------------------------------------------------------------

==============================================================================


      Code (inc. data)   RO Data    RW Data    ZI Data      Debug   

     36684       3694       3520        568      87576     489369   Grand Totals
     36684       3694       3520         64      87576     489369   ELF Image Totals (compressed)
     36684       3694       3520         64          0          0   ROM Totals

==============================================================================

    Total RO  Size (Code + RO Data)                40204 (  39.26kB)
    Total RW  Size (RW Data + ZI Data)             88144 (  86.08kB)
    Total ROM Size (Code + RO Data + RW Data)      40268 (  39.32kB)

==============================================================================

